 binding

 Timestamp is 58cc6d9c (Sat Mar 18 02:13:32 2017)

 Preferred load address is 0000000180000000

 Start         Length     Name                   Class
 0001:00000000 0000e2c0H .text$mn                CODE
 0001:0000e2c0 00000020H .text$mn$00             CODE
 0001:0000e2e0 00000260H .text$x                 CODE
 0002:00000000 00000248H .idata$5                DATA
 0002:00000248 00000010H .00cfg                  DATA
 0002:00000258 00000008H .CRT$XCA                DATA
 0002:00000260 00000008H .CRT$XCU                DATA
 0002:00000268 00000008H .CRT$XCZ                DATA
 0002:00000270 00000008H .CRT$XIA                DATA
 0002:00000278 00000018H .CRT$XIC                DATA
 0002:00000290 00000008H .CRT$XIZ                DATA
 0002:00000298 00000008H .CRT$XPA                DATA
 0002:000002a0 00000010H .CRT$XPX                DATA
 0002:000002b0 00000008H .CRT$XPXA               DATA
 0002:000002b8 00000008H .CRT$XPZ                DATA
 0002:000002c0 00000008H .CRT$XTA                DATA
 0002:000002c8 00000008H .CRT$XTZ                DATA
 0002:000002d0 00007e68H .rdata                  DATA
 0002:00008138 000002fcH .rdata$r                DATA
 0002:00008434 000003d4H .rdata$zzzdbg           DATA
 0002:00008808 00000008H .rtc$IAA                DATA
 0002:00008810 00000008H .rtc$IZZ                DATA
 0002:00008818 00000008H .rtc$TAA                DATA
 0002:00008820 00000008H .rtc$TZZ                DATA
 0002:00008828 00000cf0H .xdata                  DATA
 0002:00009518 0000017cH .xdata$x                DATA
 0002:00009694 00000020H .didat$2                DATA
 0002:000096b4 00000024H .didat$3                DATA
 0002:000096d8 00000098H .didat$4                DATA
 0002:00009770 00000418H .didat$6                DATA
 0002:00009b88 00000098H .didat$7                DATA
 0002:00009c20 00000054H .edata                  DATA
 0002:00009c74 00000014H .idata$2                DATA
 0002:00009c88 00000018H .idata$3                DATA
 0002:00009ca0 00000248H .idata$4                DATA
 0002:00009ee8 0000054eH .idata$6                DATA
 0003:00000000 00000900H .data                   DATA
 0003:00000900 000000f0H .data$r                 DATA
 0003:000009f0 000000a0H .didat$5                DATA
 0003:00000a90 00001218H .bss                    DATA
 0004:00000000 0000102cH .pdata                  DATA
 0005:00000000 00000080H .gfids$x                DATA
 0005:00000080 00000040H .gfids$y                DATA
 0006:00000000 00000060H .rsrc$01                DATA
 0006:00000060 00000180H .rsrc$02                DATA

  Address         Publics by Value              Rva+Base               Lib:Object

 0000:00000000       __guard_iat_count          0000000000000000     <absolute>
 0000:00000000       __dynamic_value_reloc_table 0000000000000000     <absolute>
 0000:00000000       __guard_iat_table          0000000000000000     <absolute>
 0000:00000000       __guard_longjmp_table      0000000000000000     <absolute>
 0000:00000000       __guard_longjmp_count      0000000000000000     <absolute>
 0000:00000000       __guard_fids_count         0000000000000000     <absolute>
 0000:00000000       ___safe_se_handler_table   0000000000000000     <absolute>
 0000:00000000       ___safe_se_handler_count   0000000000000000     <absolute>
 0000:00000000       __guard_fids_table         0000000000000000     <absolute>
 0000:00000100       __guard_flags              0000000000000100     <absolute>
 0000:00000000       __ImageBase                0000000180000000     <linker-defined>
 0001:00000000       ?new__GameLevelZone@@YAXAEBV?$FunctionCallbackInfo@VValue@v8@@@v8@@@Z 0000000180001000 f   +.obj
 0001:000001f0       ?GameLevelZone__update@@YAXAEBV?$FunctionCallbackInfo@VValue@v8@@@v8@@@Z 00000001800011f0 f   +.obj
 0001:00000360       ?GameLevelZone__addObject@@YAXAEBV?$FunctionCallbackInfo@VValue@v8@@@v8@@@Z 0000000180001360 f   +.obj
 0001:00000480       ?new__Fighter@@YAXAEBV?$FunctionCallbackInfo@VValue@v8@@@v8@@@Z 0000000180001480 f   +.obj
 0001:00000840       ?Fighter__getPosX@@YAXAEBV?$FunctionCallbackInfo@VValue@v8@@@v8@@@Z 0000000180001840 f   +.obj
 0001:000008e0       ?Fighter__setPosX@@YAXAEBV?$FunctionCallbackInfo@VValue@v8@@@v8@@@Z 00000001800018e0 f   +.obj
 0001:00000970       ?Fighter__getPosY@@YAXAEBV?$FunctionCallbackInfo@VValue@v8@@@v8@@@Z 0000000180001970 f   +.obj
 0001:00000a10       ?Fighter__setPosY@@YAXAEBV?$FunctionCallbackInfo@VValue@v8@@@v8@@@Z 0000000180001a10 f   +.obj
 0001:00000aa0       ?Fighter__getSpeedX@@YAXAEBV?$FunctionCallbackInfo@VValue@v8@@@v8@@@Z 0000000180001aa0 f   +.obj
 0001:00000b40       ?Fighter__setSpeedX@@YAXAEBV?$FunctionCallbackInfo@VValue@v8@@@v8@@@Z 0000000180001b40 f   +.obj
 0001:00000bd0       ?Fighter__getSpeedY@@YAXAEBV?$FunctionCallbackInfo@VValue@v8@@@v8@@@Z 0000000180001bd0 f   +.obj
 0001:00000c70       ?Fighter__setSpeedY@@YAXAEBV?$FunctionCallbackInfo@VValue@v8@@@v8@@@Z 0000000180001c70 f   +.obj
 0001:00000d00       ?Fighter__getInputMoveX@@YAXAEBV?$FunctionCallbackInfo@VValue@v8@@@v8@@@Z 0000000180001d00 f   +.obj
 0001:00000da0       ?Fighter__setInputMoveX@@YAXAEBV?$FunctionCallbackInfo@VValue@v8@@@v8@@@Z 0000000180001da0 f   +.obj
 0001:00000e30       ?Fighter__getInputMoveY@@YAXAEBV?$FunctionCallbackInfo@VValue@v8@@@v8@@@Z 0000000180001e30 f   +.obj
 0001:00000ed0       ?Fighter__setInputMoveY@@YAXAEBV?$FunctionCallbackInfo@VValue@v8@@@v8@@@Z 0000000180001ed0 f   +.obj
 0001:00000f60       ?Fighter__update@@YAXPEAUFighter@@PEAUGameLevelZone@@M@Z 0000000180001f60 f   +.obj
 0001:00001320       ?init@@YAXV?$Local@VObject@v8@@@v8@@@Z 0000000180002320 f   +.obj
 0001:00001c30       ?resize@?$vector@V?$vector@HV?$allocator@H@std@@@std@@V?$allocator@V?$vector@HV?$allocator@H@std@@@std@@@2@@std@@QEAAX_K@Z 0000000180002c30 f i +.obj
 0001:00001d30       ?resize@?$vector@HV?$allocator@H@std@@@std@@QEAAX_K@Z 0000000180002d30 f i +.obj
 0001:00001e20       ?_Reserve@?$vector@V?$vector@HV?$allocator@H@std@@@std@@V?$allocator@V?$vector@HV?$allocator@H@std@@@std@@@2@@std@@IEAAX_K@Z 0000000180002e20 f i +.obj
 0001:00001ef0       ?_Reserve@?$vector@PEAUGameLevelZoneObject@@V?$allocator@PEAUGameLevelZoneObject@@@std@@@std@@IEAAX_K@Z 0000000180002ef0 f i +.obj
 0001:00001f80       ?_Reallocate@?$vector@V?$vector@HV?$allocator@H@std@@@std@@V?$allocator@V?$vector@HV?$allocator@H@std@@@std@@@2@@std@@IEAAX_K@Z 0000000180002f80 f i +.obj
 0001:00002140       ?_Reallocate@?$vector@HV?$allocator@H@std@@@std@@IEAAX_K@Z 0000000180003140 f i +.obj
 0001:00002280       ?_Reallocate@?$vector@PEAUGameLevelZoneObject@@V?$allocator@PEAUGameLevelZoneObject@@@std@@@std@@IEAAX_K@Z 0000000180003280 f i +.obj
 0001:000023c0       ??$_Destroy_range1@V?$allocator@V?$vector@HV?$allocator@H@std@@@std@@@std@@PEAV?$vector@HV?$allocator@H@std@@@2@@std@@YAXPEAV?$vector@HV?$allocator@H@std@@@0@0AEAU?$_Wrap_alloc@V?$allocator@V?$vector@HV?$allocator@H@std@@@std@@@std@@@0@U?$integral_constant@_N$0A@@0@@Z 00000001800033c0 f i +.obj
 0001:000024dc       __imp_load_?GetCurrent@Isolate@v8@@SAPEAV12@XZ 00000001800034dc f   node:node.exe
 0001:000024e8       __tailMerge_node_exe       00000001800034e8 f i node:node.exe
 0001:00002561       __imp_load_??1HandleScope@v8@@QEAA@XZ 0000000180003561 f   node:node.exe
 0001:0000256d       __imp_load_??0HandleScope@v8@@QEAA@PEAVIsolate@1@@Z 000000018000356d f   node:node.exe
 0001:00002579       __imp_load_?Length@Array@v8@@QEBAIXZ 0000000180003579 f   node:node.exe
 0001:00002585       __imp_load_?GetFunction@FunctionTemplate@v8@@QEAA?AV?$Local@VFunction@v8@@@2@XZ 0000000180003585 f   node:node.exe
 0001:00002591       __imp_load_?New@FunctionTemplate@v8@@SA?AV?$Local@VFunctionTemplate@v8@@@2@PEAVIsolate@2@P6AXAEBV?$FunctionCallbackInfo@VValue@v8@@@2@@ZV?$Local@VValue@v8@@@2@V?$Local@VSignature@v8@@@2@H@Z 0000000180003591 f   node:node.exe
 0001:0000259d       __imp_load_?ToLocalEmpty@V8@v8@@CAXXZ 000000018000359d f   node:node.exe
 0001:000025a9       __imp_load_?NumberValue@Value@v8@@QEBANXZ 00000001800035a9 f   node:node.exe
 0001:000025b5       __imp_load_?NewFromUtf8@String@v8@@SA?AV?$Local@VString@v8@@@2@PEAVIsolate@2@PEBDW4NewStringType@12@H@Z 00000001800035b5 f   node:node.exe
 0001:000025c1       __imp_load_?New@Number@v8@@SA?AV?$Local@VNumber@v8@@@2@PEAVIsolate@2@N@Z 00000001800035c1 f   node:node.exe
 0001:000025cd       __imp_load_?Get@Object@v8@@QEAA?AV?$Local@VValue@v8@@@2@V32@@Z 00000001800035cd f   node:node.exe
 0001:000025d9       __imp_load_?Get@Object@v8@@QEAA?AV?$Local@VValue@v8@@@2@I@Z 00000001800035d9 f   node:node.exe
 0001:000025e5       __imp_load_?Set@Object@v8@@QEAA_NV?$Local@VValue@v8@@@2@0@Z 00000001800035e5 f   node:node.exe
 0001:000025f1       __imp_load_?SetName@Function@v8@@QEAAXV?$Local@VString@v8@@@2@@Z 00000001800035f1 f   node:node.exe
 0001:000025fd       __imp_load_node_module_register 00000001800035fd f   node:node.exe
 0001:00002609       __imp_load_?New@Buffer@node@@YA?AV?$MaybeLocal@VObject@v8@@@v8@@PEAVIsolate@4@PEAD_K@Z 0000000180003609 f   node:node.exe
 0001:00002615       __imp_load_?Data@Buffer@node@@YAPEADV?$Local@VObject@v8@@@v8@@@Z 0000000180003615 f   node:node.exe
 0001:00002621       __imp_load_?ToObject@Value@v8@@QEBA?AV?$Local@VObject@v8@@@2@XZ 0000000180003621 f   node:node.exe
 0001:00002630       ??0bad_alloc@std@@QEAA@AEBV01@@Z 0000000180003630 f i libcpmt:xthrow.obj
 0001:00002670       ??0bad_alloc@std@@QEAA@XZ  0000000180003670 f i libcpmt:xthrow.obj
 0001:00002690       ??0exception@std@@QEAA@AEBV01@@Z 0000000180003690 f i libcpmt:xthrow.obj
 0001:000026c8       ??0length_error@std@@QEAA@AEBV01@@Z 00000001800036c8 f i libcpmt:xthrow.obj
 0001:00002708       ??0length_error@std@@QEAA@PEBD@Z 0000000180003708 f i libcpmt:xthrow.obj
 0001:00002754       ??0logic_error@std@@QEAA@AEBV01@@Z 0000000180003754 f i libcpmt:xthrow.obj
 0001:00002794       ??1bad_array_new_length@std@@UEAA@XZ 0000000180003794 f i LIBCMT:throw_bad_alloc.obj
 0001:00002794       ??1bad_alloc@std@@UEAA@XZ  0000000180003794 f i libcpmt:xthrow.obj
 0001:00002794       ??1length_error@std@@UEAA@XZ 0000000180003794 f i libcpmt:xthrow.obj
 0001:000027a8       ??_Ebad_array_new_length@std@@UEAAPEAXI@Z 00000001800037a8 f i LIBCMT:throw_bad_alloc.obj
 0001:000027a8       ??_Elength_error@std@@UEAAPEAXI@Z 00000001800037a8 f i libcpmt:xthrow.obj
 0001:000027a8       ??_Ebad_alloc@std@@UEAAPEAXI@Z 00000001800037a8 f i libcpmt:xthrow.obj
 0001:000027a8       ??_Elogic_error@std@@UEAAPEAXI@Z 00000001800037a8 f i libcpmt:xthrow.obj
 0001:000027a8       ??_Gbad_alloc@std@@UEAAPEAXI@Z 00000001800037a8 f i libcpmt:xthrow.obj
 0001:000027a8       ??_Glogic_error@std@@UEAAPEAXI@Z 00000001800037a8 f i libcpmt:xthrow.obj
 0001:000027a8       ??_Gexception@std@@UEAAPEAXI@Z 00000001800037a8 f i libcpmt:xthrow.obj
 0001:000027a8       ??_Glength_error@std@@UEAAPEAXI@Z 00000001800037a8 f i libcpmt:xthrow.obj
 0001:000027a8       ??_Gbad_array_new_length@std@@UEAAPEAXI@Z 00000001800037a8 f i LIBCMT:throw_bad_alloc.obj
 0001:000027a8       ??_Eexception@std@@UEAAPEAXI@Z 00000001800037a8 f i libcpmt:xthrow.obj
 0001:000027ec       ?_Xbad_alloc@std@@YAXXZ    00000001800037ec f   libcpmt:xthrow.obj
 0001:000027ec       ?__scrt_throw_std_bad_alloc@@YAXXZ 00000001800037ec f   LIBCMT:throw_bad_alloc.obj
 0001:0000280c       ?_Xlength_error@std@@YAXPEBD@Z 000000018000380c f   libcpmt:xthrow.obj
 0001:00002830       ?what@exception@std@@UEBAPEBDXZ 0000000180003830 f i libcpmt:xthrow.obj
 0001:00002860       __security_check_cookie    0000000180003860 f   LIBCMT:_amdsecgs_.obj
 0001:00002884       ??2@YAPEAX_K@Z             0000000180003884 f   LIBCMT:new_scalar.obj
 0001:000028c0       ??3@YAXPEAX@Z              00000001800038c0 f   LIBCMT:delete_scalar.obj
 0001:000028c8       ??3@YAXPEAX_K@Z            00000001800038c8 f   LIBCMT:delete_scalar_size.obj
 0001:00002c1c       _DllMainCRTStartup         0000000180003c1c f   LIBCMT:dll_dllmain.obj
 0001:00002c5c       ??_Gtype_info@@UEAAPEAXI@Z 0000000180003c5c f i LIBCMT:std_type_info_static.obj
 0001:00002c5c       ??_Etype_info@@UEAAPEAXI@Z 0000000180003c5c f i LIBCMT:std_type_info_static.obj
 0001:00002c88       __raise_securityfailure    0000000180003c88 f   LIBCMT:gs_report.obj
 0001:00002cbc       __report_gsfailure         0000000180003cbc f   LIBCMT:gs_report.obj
 0001:00002d90       __report_rangecheckfailure 0000000180003d90 f   LIBCMT:gs_report.obj
 0001:00002da4       __report_securityfailure   0000000180003da4 f   LIBCMT:gs_report.obj
 0001:00002f24       ??0bad_array_new_length@std@@QEAA@AEBV01@@Z 0000000180003f24 f i LIBCMT:throw_bad_alloc.obj
 0001:00002f64       ??0bad_array_new_length@std@@QEAA@XZ 0000000180003f64 f i LIBCMT:throw_bad_alloc.obj
 0001:00002f84       ?__scrt_throw_std_bad_array_new_length@@YAXXZ 0000000180003f84 f   LIBCMT:throw_bad_alloc.obj
 0001:00002fa4       __scrt_acquire_startup_lock 0000000180003fa4 f   LIBCMT:utility.obj
 0001:00002fe0       __scrt_dllmain_after_initialize_c 0000000180003fe0 f   LIBCMT:utility.obj
 0001:00003014       __scrt_dllmain_before_initialize_c 0000000180004014 f   LIBCMT:utility.obj
 0001:0000302c       __scrt_dllmain_crt_thread_attach 000000018000402c f   LIBCMT:utility.obj
 0001:00003054       __scrt_dllmain_crt_thread_detach 0000000180004054 f   LIBCMT:utility.obj
 0001:0000306c       __scrt_dllmain_exception_filter 000000018000406c f   LIBCMT:utility.obj
 0001:000030d0       __scrt_dllmain_uninitialize_c 00000001800040d0 f   LIBCMT:utility.obj
 0001:00003100       __scrt_dllmain_uninitialize_critical 0000000180004100 f   LIBCMT:utility.obj
 0001:00003114       __scrt_initialize_crt      0000000180004114 f   LIBCMT:utility.obj
 0001:00003160       __scrt_initialize_onexit_tables 0000000180004160 f   LIBCMT:utility.obj
 0001:0000322c       __scrt_is_nonwritable_in_current_image 000000018000422c f   LIBCMT:utility.obj
 0001:000032c8       __scrt_release_startup_lock 00000001800042c8 f   LIBCMT:utility.obj
 0001:000032ec       __scrt_uninitialize_crt    00000001800042ec f   LIBCMT:utility.obj
 0001:00003318       _onexit                    0000000180004318 f   LIBCMT:utility.obj
 0001:00003368       atexit                     0000000180004368 f   LIBCMT:utility.obj
 0001:00003380       __security_init_cookie     0000000180004380 f   LIBCMT:gs_support.obj
 0001:0000342c       _get_startup_argv_mode     000000018000442c f   LIBCMT:argv_mode.obj
 0001:0000342c       DllMain                    000000018000442c f   LIBCMT:dll_dllmain_stub.obj
 0001:00003434       ?__scrt_initialize_type_info@@YAXXZ 0000000180004434 f   LIBCMT:tncleanup.obj
 0001:00003444       ?__scrt_uninitialize_type_info@@YAXXZ 0000000180004444 f   LIBCMT:tncleanup.obj
 0001:00003450       __local_stdio_printf_options 0000000180004450 f i LIBCMT:default_local_stdio_options.obj
 0001:00003458       __local_stdio_scanf_options 0000000180004458 f i LIBCMT:default_local_stdio_options.obj
 0001:00003460       __scrt_initialize_default_local_stdio_options 0000000180004460 f   LIBCMT:default_local_stdio_options.obj
 0001:0000347c       __scrt_get_dyn_tls_init_callback 000000018000447c f   LIBCMT:dyn_tls_init.obj
 0001:00003484       __crt_debugger_hook        0000000180004484 f   LIBCMT:utility_desktop.obj
 0001:0000348c       __scrt_fastfail            000000018000448c f   LIBCMT:utility_desktop.obj
 0001:000035d4       _RTC_Initialize            00000001800045d4 f   LIBCMT:_initsect_.obj
 0001:00003620       _RTC_Terminate             0000000180004620 f   LIBCMT:_initsect_.obj
 0001:0000366c       _guard_check_icall         000000018000466c f i LIBCMT:checkcfg.obj
 0001:00003674       __isa_available_init       0000000180004674 f   LIBCMT:_cpu_disp_.obj
 0001:0000383c       __scrt_is_ucrt_dll_in_use  000000018000483c f   LIBCMT:ucrt_detection.obj
 0001:00003860       memmove                    0000000180004860 f   libvcruntime:memcpy.obj
 0001:00003860       memcpy                     0000000180004860 f   libvcruntime:memcpy.obj
 0001:00003c98       __std_exception_copy       0000000180004c98 f   libvcruntime:std_exception.obj
 0001:00003d28       __std_exception_destroy    0000000180004d28 f   libvcruntime:std_exception.obj
 0001:00003d50       _CxxThrowException         0000000180004d50 f   libvcruntime:throw.obj
 0001:00003e28       __C_specific_handler       0000000180004e28 f   libvcruntime:_chandler_.obj
 0001:00004024       __vcrt_initialize          0000000180005024 f   libvcruntime:initialization.obj
 0001:00004058       __vcrt_thread_attach       0000000180005058 f   libvcruntime:initialization.obj
 0001:0000406c       __vcrt_thread_detach       000000018000506c f   libvcruntime:initialization.obj
 0001:00004080       __vcrt_uninitialize        0000000180005080 f   libvcruntime:initialization.obj
 0001:000040a0       __vcrt_uninitialize_critical 00000001800050a0 f   libvcruntime:initialization.obj
 0001:000040b0       __std_type_info_destroy_list 00000001800050b0 f   libvcruntime:std_type_info.obj
 0001:000040f0       memset                     00000001800050f0 f   libvcruntime:memset.obj
 0001:000042a0       _local_unwind              00000001800052a0 f   libvcruntime:_jmpuwind_.obj
 0001:000042d0       _NLG_Notify                00000001800052d0 f   libvcruntime:_jmpuwind_.obj
 0001:000042f0       __NLG_Dispatch2            00000001800052f0 f   libvcruntime:_jmpuwind_.obj
 0001:00004300       __NLG_Return2              0000000180005300 f   libvcruntime:_jmpuwind_.obj
 0001:00004304       __except_validate_context_record 0000000180005304 f   libvcruntime:jbcxrval.obj
 0001:00004304       _guard_check_icall_nop     0000000180005304 f   LIBCMT:guard_support.obj
 0001:00004308       __vcrt_freefls             0000000180005308 f   libvcruntime:per_thread_data.obj
 0001:00004328       __vcrt_freeptd             0000000180005328 f   libvcruntime:per_thread_data.obj
 0001:00004378       __vcrt_getptd_noexit       0000000180005378 f   libvcruntime:per_thread_data.obj
 0001:00004430       __vcrt_initialize_ptd      0000000180005430 f   libvcruntime:per_thread_data.obj
 0001:00004470       __vcrt_uninitialize_ptd    0000000180005470 f   libvcruntime:per_thread_data.obj
 0001:00004494       __vcrt_initialize_locks    0000000180005494 f   libvcruntime:locks.obj
 0001:000044dc       __vcrt_uninitialize_locks  00000001800054dc f   libvcruntime:locks.obj
 0001:000046dc       __vcrt_FlsAlloc            00000001800056dc f   libvcruntime:winapi_downlevel.obj
 0001:00004730       __vcrt_FlsFree             0000000180005730 f   libvcruntime:winapi_downlevel.obj
 0001:00004784       __vcrt_FlsGetValue         0000000180005784 f   libvcruntime:winapi_downlevel.obj
 0001:000047d8       __vcrt_FlsSetValue         00000001800057d8 f   libvcruntime:winapi_downlevel.obj
 0001:00004840       __vcrt_InitializeCriticalSectionEx 0000000180005840 f   libvcruntime:winapi_downlevel.obj
 0001:000048b8       __vcrt_initialize_winapi_thunks 00000001800058b8 f   libvcruntime:winapi_downlevel.obj
 0001:00004904       __vcrt_uninitialize_winapi_thunks 0000000180005904 f   libvcruntime:winapi_downlevel.obj
 0001:00004944       __vcrt_initialize_pure_virtual_call_handler 0000000180005944 f   libvcruntime:purevirt_data.obj
 0001:00004968       fmaxf                      0000000180005968 f   libucrt:fmaxf.obj
 0001:000049d4       fminf                      00000001800059d4 f   libucrt:fminf.obj
 0001:00004a40       __acrt_call_reportfault    0000000180005a40 f   libucrt:invalid_parameter.obj
 0001:00004b9c       __acrt_initialize_invalid_parameter_handler 0000000180005b9c f   libucrt:invalid_parameter.obj
 0001:00004ba4       _invalid_parameter         0000000180005ba4 f   libucrt:invalid_parameter.obj
 0001:00004c4c       _invalid_parameter_noinfo  0000000180005c4c f   libucrt:invalid_parameter.obj
 0001:00004c6c       _invalid_parameter_noinfo_noreturn 0000000180005c6c f   libucrt:invalid_parameter.obj
 0001:00004c9c       _invoke_watson             0000000180005c9c f   libucrt:invalid_parameter.obj
 0001:00004ce4       ??0_LocaleUpdate@@QEAA@QEAU__crt_locale_pointers@@@Z 0000000180005ce4 f i libucrt:stricmp.obj
 0001:00004d74       __ascii_stricmp            0000000180005d74 f   libucrt:stricmp.obj
 0001:00004db0       _stricmp                   0000000180005db0 f   libucrt:stricmp.obj
 0001:00004df8       _stricmp_l                 0000000180005df8 f   libucrt:stricmp.obj
 0001:00004eac       __acrt_initialize_new_handler 0000000180005eac f   libucrt:new_handler.obj
 0001:00004eb4       _callnewh                  0000000180005eb4 f   libucrt:new_handler.obj
 0001:00004ef4       _query_new_handler         0000000180005ef4 f   libucrt:new_handler.obj
 0001:00004f28       malloc                     0000000180005f28 f   libucrt:malloc.obj
 0001:00004f30       free                       0000000180005f30 f   libucrt:free.obj
 0001:00004f38       _initterm                  0000000180005f38 f   libucrt:initterm.obj
 0001:00004fb0       _initterm_e                0000000180005fb0 f   libucrt:initterm.obj
 0001:00004ffc       _seh_filter_dll            0000000180005ffc f   libucrt:exception_filter.obj
 0001:00005010       _seh_filter_exe            0000000180006010 f   libucrt:exception_filter.obj
 0001:000053d0       __acrt_initialize_thread_local_exit_callback 00000001800063d0 f   libucrt:exit.obj
 0001:000053d8       _cexit                     00000001800063d8 f   libucrt:exit.obj
 0001:000053e8       _exit                      00000001800063e8 f   libucrt:exit.obj
 0001:000053f4       _is_c_termination_complete 00000001800063f4 f   libucrt:exit.obj
 0001:000055b8       __acrt_allocate_buffer_for_argv 00000001800065b8 f   libucrt:argv_parsing.obj
 0001:0000561c       _configure_narrow_argv     000000018000661c f   libucrt:argv_parsing.obj
 0001:00005978       __dcrt_uninitialize_environments_nolock 0000000180006978 f   libucrt:environment_initialization.obj
 0001:000059b0       _initialize_narrow_environment 00000001800069b0 f   libucrt:environment_initialization.obj
 0001:000059b8       ??$?RV<lambda_b8c45f8f788dd370798f47cfe8ac3a86>@@AEAV<lambda_4e60a939b0d047cfe11ddc22648dfba9>@@V<lambda_332c3edc96d0294ec56c57d38c1cdfd5>@@@?$__crt_seh_guarded_call@H@@QEAAH$$QEAV<lambda_b8c45f8f788dd370798f47cfe8ac3a86>@@AEAV<lambda_4e60a939b0d047cfe11ddc22648dfba9>@@$$QEAV<lambda_332c3edc96d0294ec56c57d38c1cdfd5>@@@Z 00000001800069b8 f i libucrt:onexit.obj
 0001:000059f4       ??$?RV<lambda_e24bbb7b643b32fcea6fa61b31d4c984>@@AEAV<lambda_275893d493268fdec8709772e3fcec0e>@@V<lambda_9d71df4d7cf3f480f8d633942495c3b0>@@@?$__crt_seh_guarded_call@H@@QEAAH$$QEAV<lambda_e24bbb7b643b32fcea6fa61b31d4c984>@@AEAV<lambda_275893d493268fdec8709772e3fcec0e>@@$$QEAV<lambda_9d71df4d7cf3f480f8d633942495c3b0>@@@Z 00000001800069f4 f i libucrt:onexit.obj
 0001:00005d70       _crt_atexit                0000000180006d70 f   libucrt:onexit.obj
 0001:00005d80       _execute_onexit_table      0000000180006d80 f   libucrt:onexit.obj
 0001:00005dbc       _initialize_onexit_table   0000000180006dbc f   libucrt:onexit.obj
 0001:00005dfc       _register_onexit_function  0000000180006dfc f   libucrt:onexit.obj
 0001:00005f78       __acrt_initialize          0000000180006f78 f   libucrt:initialization.obj
 0001:00005f8c       __acrt_thread_attach       0000000180006f8c f   libucrt:initialization.obj
 0001:00005fa0       __acrt_thread_detach       0000000180006fa0 f   libucrt:initialization.obj
 0001:00005fb0       __acrt_uninitialize        0000000180006fb0 f   libucrt:initialization.obj
 0001:00005fc4       __acrt_uninitialize_critical 0000000180006fc4 f   libucrt:initialization.obj
 0001:00005fd4       terminate                  0000000180006fd4 f   libucrt:terminate.obj
 0001:00005ffc       strcpy_s                   0000000180006ffc f   libucrt:strcpy_s.obj
 0001:0000605c       _free_base                 000000018000705c f   libucrt:free_base.obj
 0001:0000609c       _malloc_base               000000018000709c f   libucrt:malloc_base.obj
 0001:000060fc       abort                      00000001800070fc f   libucrt:abort.obj
 0001:00006154       _calloc_base               0000000180007154 f   libucrt:calloc_base.obj
 0001:000061cc       _fdtest                    00000001800071cc f   libucrt:_test.obj
 0001:00006214       ??$?RV<lambda_46352004c1216016012b18bd6f87e700>@@AEAV<lambda_3bd07e1a1191394380780325891bf33f>@@V<lambda_334532d3f185bcaa59b5be82d7d22bff>@@@?$__crt_seh_guarded_call@X@@QEAAX$$QEAV<lambda_46352004c1216016012b18bd6f87e700>@@AEAV<lambda_3bd07e1a1191394380780325891bf33f>@@$$QEAV<lambda_334532d3f185bcaa59b5be82d7d22bff>@@@Z 0000000180007214 f i libucrt:per_thread_data.obj
 0001:00006274       ??$?RV<lambda_5e887d1dcbef67a5eb4283622ba103bf>@@AEAV<lambda_4466841279450cc726390878d4a41900>@@V<lambda_341c25c0346d94847f1f3c463c57e077>@@@?$__crt_seh_guarded_call@X@@QEAAX$$QEAV<lambda_5e887d1dcbef67a5eb4283622ba103bf>@@AEAV<lambda_4466841279450cc726390878d4a41900>@@$$QEAV<lambda_341c25c0346d94847f1f3c463c57e077>@@@Z 0000000180007274 f i libucrt:per_thread_data.obj
 0001:000062bc       ??$?RV<lambda_72d1df2b273a38828b1ce30cbf4cdab5>@@AEAV<lambda_876a65b173b8412d3a47c70a915b0cf4>@@V<lambda_41932305e351933ebe8f8be3ed8bb5dc>@@@?$__crt_seh_guarded_call@X@@QEAAX$$QEAV<lambda_72d1df2b273a38828b1ce30cbf4cdab5>@@AEAV<lambda_876a65b173b8412d3a47c70a915b0cf4>@@$$QEAV<lambda_41932305e351933ebe8f8be3ed8bb5dc>@@@Z 00000001800072bc f i libucrt:per_thread_data.obj
 0001:000062fc       ??$?RV<lambda_fb3a7dec4e47f37f22dae91bb15c9095>@@AEAV<lambda_698284760c8add0bfb0756c19673e34b>@@V<lambda_dfb8eca1e75fef3034a8fb18dd509707>@@@?$__crt_seh_guarded_call@X@@QEAAX$$QEAV<lambda_fb3a7dec4e47f37f22dae91bb15c9095>@@AEAV<lambda_698284760c8add0bfb0756c19673e34b>@@$$QEAV<lambda_dfb8eca1e75fef3034a8fb18dd509707>@@@Z 00000001800072fc f i libucrt:per_thread_data.obj
 0001:0000658c       __acrt_freeptd             000000018000758c f   libucrt:per_thread_data.obj
 0001:000065d0       __acrt_getptd              00000001800075d0 f   libucrt:per_thread_data.obj
 0001:00006664       __acrt_getptd_noexit       0000000180007664 f   libucrt:per_thread_data.obj
 0001:00006704       __acrt_initialize_ptd      0000000180007704 f   libucrt:per_thread_data.obj
 0001:00006740       __acrt_uninitialize_ptd    0000000180007740 f   libucrt:per_thread_data.obj
 0001:00006764       __acrt_errno_from_os_error 0000000180007764 f   libucrt:errno.obj
 0001:000067ac       __acrt_errno_map_os_error  00000001800077ac f   libucrt:errno.obj
 0001:000067fc       __doserrno                 00000001800077fc f   libucrt:errno.obj
 0001:0000681c       _errno                     000000018000781c f   libucrt:errno.obj
 0001:0000688c       _tolower_l                 000000018000788c f   libucrt:tolower_toupper.obj
 0001:000069cc       __acrt_update_locale_info  00000001800079cc f   libucrt:locale_update.obj
 0001:00006a00       __acrt_update_multibyte_info 0000000180007a00 f   libucrt:locale_update.obj
 0001:00006a34       __acrt_set_locale_changed  0000000180007a34 f   libucrt:wsetlocale.obj
 0001:00006a40       __acrt_uninitialize_locale 0000000180007a40 f   libucrt:wsetlocale.obj
 0001:00006a88       __acrt_initialize_locks    0000000180007a88 f   libucrt:locks.obj
 0001:00006ad0       __acrt_lock                0000000180007ad0 f   libucrt:locks.obj
 0001:00006aec       __acrt_uninitialize_locks  0000000180007aec f   libucrt:locks.obj
 0001:00006b24       __acrt_unlock              0000000180007b24 f   libucrt:locks.obj
 0001:00006ce0       __acrt_FlsAlloc            0000000180007ce0 f   libucrt:winapi_thunks.obj
 0001:00006d38       __acrt_FlsFree             0000000180007d38 f   libucrt:winapi_thunks.obj
 0001:00006d90       __acrt_FlsGetValue         0000000180007d90 f   libucrt:winapi_thunks.obj
 0001:00006de8       __acrt_FlsSetValue         0000000180007de8 f   libucrt:winapi_thunks.obj
 0001:00006e50       __acrt_InitializeCriticalSectionEx 0000000180007e50 f   libucrt:winapi_thunks.obj
 0001:00006ec8       __acrt_LCMapStringEx       0000000180007ec8 f   libucrt:winapi_thunks.obj
 0001:00006fb8       __acrt_LocaleNameToLCID    0000000180007fb8 f   libucrt:winapi_thunks.obj
 0001:00007020       __acrt_initialize_winapi_thunks 0000000180008020 f   libucrt:winapi_thunks.obj
 0001:00007058       __acrt_is_packaged_app     0000000180008058 f   libucrt:winapi_thunks.obj
 0001:000070e0       __acrt_uninitialize_winapi_thunks 00000001800080e0 f   libucrt:winapi_thunks.obj
 0001:00007600       ?expand_if_necessary@?$argument_list@D@?A0xca0879c4@@AEAAHXZ 0000000180008600 f i libucrt:argv_wildcards.obj
 0001:000076c8       __acrt_expand_narrow_argv_wildcards 00000001800086c8 f   libucrt:argv_wildcards.obj
 0001:000076d0       ??$?RV<lambda_99476a1ad63dd22509b5d3e65b0ffc95>@@AEAV<lambda_ad1ced32f4ac17aa236e5ef05d6b3b7c>@@V<lambda_f7424dd8d45958661754dc4f2697e9c3>@@@?$__crt_seh_guarded_call@X@@QEAAX$$QEAV<lambda_99476a1ad63dd22509b5d3e65b0ffc95>@@AEAV<lambda_ad1ced32f4ac17aa236e5ef05d6b3b7c>@@$$QEAV<lambda_f7424dd8d45958661754dc4f2697e9c3>@@@Z 00000001800086d0 f i libucrt:mbctype.obj
 0001:00007dcc       __acrt_initialize_multibyte 0000000180008dcc f   libucrt:mbctype.obj
 0001:00007df4       __acrt_update_thread_multibyte_data 0000000180008df4 f   libucrt:mbctype.obj
 0001:00007eb4       _setmbcp_nolock            0000000180008eb4 f   libucrt:mbctype.obj
 0001:000081d4       _ismbblead                 00000001800091d4 f   libucrt:ismbbyte.obj
 0001:000081e8       __acrt_initialize_command_line 00000001800091e8 f   libucrt:argv_data.obj
 0001:00008210       __acrt_uninitialize_command_line 0000000180009210 f   libucrt:argv_data.obj
 0001:00008214       __dcrt_get_narrow_environment_from_os 0000000180009214 f   libucrt:get_environment_from_os.obj
 0001:00008318       _recalloc                  0000000180009318 f   libucrt:recalloc.obj
 0001:00008320       _recalloc_base             0000000180009320 f   libucrt:recalloc.obj
 0001:000083b8       __acrt_initialize_heap     00000001800093b8 f   libucrt:heap_handle.obj
 0001:000083d4       __acrt_uninitialize_heap   00000001800093d4 f   libucrt:heap_handle.obj
 0001:000085c8       __acrt_initialize_lowio    00000001800095c8 f   libucrt:ioinit.obj
 0001:00008604       __acrt_uninitialize_lowio  0000000180009604 f   libucrt:ioinit.obj
 0001:00008644       __acrt_execute_initializers 0000000180009644 f   libucrt:shared_initialization.obj
 0001:000086d8       __acrt_execute_uninitializers 00000001800096d8 f   libucrt:shared_initialization.obj
 0001:00008728       ??$?RV<lambda_c36588078e9f5dfd39652860aa6b3aaf>@@AEAV<lambda_ec61778202f4f5fc7e7711acc23c3bca>@@V<lambda_dc9d2797ccde5d239b4a0efae8ebd7db>@@@?$__crt_seh_guarded_call@P6AXH@Z@@QEAAP6AXH@Z$$QEAV<lambda_c36588078e9f5dfd39652860aa6b3aaf>@@AEAV<lambda_ec61778202f4f5fc7e7711acc23c3bca>@@$$QEAV<lambda_dc9d2797ccde5d239b4a0efae8ebd7db>@@@Z 0000000180009728 f i libucrt:signal.obj
 0001:00008770       __acrt_get_sigabrt_handler 0000000180009770 f   libucrt:signal.obj
 0001:000087a0       __acrt_initialize_signal_handlers 00000001800097a0 f   libucrt:signal.obj
 0001:000087c0       raise                      00000001800097c0 f   libucrt:signal.obj
 0001:00008a5c       __acrt_has_user_matherr    0000000180009a5c f   libucrt:matherr.obj
 0001:00008a7c       __acrt_initialize_user_matherr 0000000180009a7c f   libucrt:matherr.obj
 0001:00008a84       __acrt_invoke_user_matherr 0000000180009a84 f   libucrt:matherr.obj
 0001:00008acc       _query_new_mode            0000000180009acc f   libucrt:new_mode.obj
 0001:00008ad4       _mbtowc_l                  0000000180009ad4 f   libucrt:mbtowc.obj
 0001:00008c1c       mbtowc                     0000000180009c1c f   libucrt:mbtowc.obj
 0001:00008c24       _fileno                    0000000180009c24 f   libucrt:fileno.obj
 0001:00008c4c       __acrt_initialize_stdio    0000000180009c4c f   libucrt:_file.obj
 0001:00008d6c       __acrt_uninitialize_stdio  0000000180009d6c f   libucrt:_file.obj
 0001:00008dc8       _lock_file                 0000000180009dc8 f   libucrt:_file.obj
 0001:00008dd4       _unlock_file               0000000180009dd4 f   libucrt:_file.obj
 0001:00008de0       __pctype_func              0000000180009de0 f   libucrt:ctype.obj
 0001:00008e10       _isctype_l                 0000000180009e10 f   libucrt:isctype.obj
 0001:00008f20       __acrt_add_locale_ref      0000000180009f20 f   libucrt:locale_refcounting.obj
 0001:00008fac       __acrt_free_locale         0000000180009fac f   libucrt:locale_refcounting.obj
 0001:00009124       __acrt_locale_add_lc_time_reference 000000018000a124 f   libucrt:locale_refcounting.obj
 0001:0000914c       __acrt_locale_free_lc_time_if_unreferenced 000000018000a14c f   libucrt:locale_refcounting.obj
 0001:00009184       __acrt_locale_release_lc_time_reference 000000018000a184 f   libucrt:locale_refcounting.obj
 0001:000091ac       __acrt_release_locale_ref  000000018000a1ac f   libucrt:locale_refcounting.obj
 0001:00009254       __acrt_update_thread_locale_data 000000018000a254 f   libucrt:locale_refcounting.obj
 0001:000092c4       _updatetlocinfoEx_nolock   000000018000a2c4 f   libucrt:locale_refcounting.obj
 0001:0000932c       _isleadbyte_l              000000018000a32c f i libucrt:_wctype.obj
 0001:000096c8       __acrt_LCMapStringA        000000018000a6c8 f   libucrt:lcmapstringa.obj
 0001:00009760       __acrt_locale_free_monetary 000000018000a760 f   libucrt:initmon.obj
 0001:0000986c       __acrt_locale_free_numeric 000000018000a86c f   libucrt:initnum.obj
 0001:00009930       __acrt_locale_free_time    000000018000a930 f   libucrt:inittime.obj
 0001:00009a38       __acrt_GetStringTypeA      000000018000aa38 f   libucrt:getstringtypea.obj
 0001:00009cb4       __acrt_DownlevelLocaleNameToLCID 000000018000acb4 f   libucrt:lcidtoname_downlevel.obj
 0001:00009dc0       qsort                      000000018000adc0 f   libucrt:qsort.obj
 0001:0000a0f4       strncpy_s                  000000018000b0f4 f   libucrt:strncpy_s.obj
 0001:0000a1c8       strpbrk                    000000018000b1c8 f   libucrt:strpbrk.obj
 0001:0000a268       _mbsdec                    000000018000b268 f   libucrt:mbsdec.obj
 0001:0000a270       _mbsdec_l                  000000018000b270 f   libucrt:mbsdec.obj
 0001:0000a320       _msize                     000000018000b320 f   libucrt:msize.obj
 0001:0000a35c       _realloc_base              000000018000b35c f   libucrt:realloc_base.obj
 0001:0000a3e0       __acrt_lowio_create_handle_array 000000018000b3e0 f   libucrt:osfinfo.obj
 0001:0000a478       __acrt_lowio_destroy_handle_array 000000018000b478 f   libucrt:osfinfo.obj
 0001:0000a4c8       __acrt_lowio_ensure_fh_exists 000000018000b4c8 f   libucrt:osfinfo.obj
 0001:0000a580       __acrt_lowio_lock_fh       000000018000b580 f   libucrt:osfinfo.obj
 0001:0000a5a4       __acrt_lowio_unlock_fh     000000018000b5a4 f   libucrt:osfinfo.obj
 0001:0000a5c8       _free_osfhnd               000000018000b5c8 f   libucrt:osfinfo.obj
 0001:0000a684       _get_osfhandle             000000018000b684 f   libucrt:osfinfo.obj
 0001:0000a6fc       _isatty                    000000018000b6fc f   libucrt:isatty.obj
 0001:0000a75c       __acrt_stdio_flush_nolock  000000018000b75c f   libucrt:fflush.obj
 0001:0000a7d4       _fflush_nolock             000000018000b7d4 f   libucrt:fflush.obj
 0001:0000a820       _flushall                  000000018000b820 f   libucrt:fflush.obj
 0001:0000a910       _fcloseall                 000000018000b910 f   libucrt:closeall.obj
 0001:0000a9c4       __acrt_stdio_free_buffer_nolock 000000018000b9c4 f   libucrt:_freebuf.obj
 0001:0000aa20       _get_fpsr                  000000018000ba20 f   libucrt:fpsr.obj
 0001:0000aa30       _set_fpsr                  000000018000ba30 f   libucrt:fpsr.obj
 0001:0000aa3a       _fclrf                     000000018000ba3a f   libucrt:fpsr.obj
 0001:0000aa4e       _frnd                      000000018000ba4e f   libucrt:fpsr.obj
 0001:0000aa70       __strncnt                  000000018000ba70 f   libucrt:strncnt.obj
 0001:0000aa88       _query_app_type            000000018000ba88 f   libucrt:report_runtime_error.obj
 0001:0000aa90       ??$?RV<lambda_b521505b218e5242e90febf6bfebc422>@@AEAV<lambda_6978c1fb23f02e42e1d9e99668cc68aa>@@V<lambda_314360699dd331753a4119843814e9a7>@@@?$__crt_seh_guarded_call@H@@QEAAH$$QEAV<lambda_b521505b218e5242e90febf6bfebc422>@@AEAV<lambda_6978c1fb23f02e42e1d9e99668cc68aa>@@$$QEAV<lambda_314360699dd331753a4119843814e9a7>@@@Z 000000018000ba90 f i libucrt:commit.obj
 0001:0000ab1c       _commit                    000000018000bb1c f   libucrt:commit.obj
 0001:0000b150       _write                     000000018000c150 f   libucrt:write.obj
 0001:0000b23c       _write_nolock              000000018000c23c f   libucrt:write.obj
 0001:0000b520       log10                      000000018000c520 f   libucrt:log10.obj
 0001:0000bb68       _lseeki64_nolock           000000018000cb68 f   libucrt:lseek.obj
 0001:0000bb70       _fclose_nolock             000000018000cb70 f   libucrt:fclose.obj
 0001:0000bbf4       fclose                     000000018000cbf4 f   libucrt:fclose.obj
 0001:0000bc60       _putwch_nolock             000000018000cc60 f   libucrt:putwch.obj
 0001:0000bde0       _handle_error              000000018000cde0 f   libucrt:libm_error.obj
 0001:0000bf08       _handle_errorf             000000018000cf08 f   libucrt:libm_error.obj
 0001:0000c03c       _handle_nanf               000000018000d03c f   libucrt:libm_error.obj
 0001:0000c050       __acrt_initialize_fma3     000000018000d050 f   libucrt:fma3_available.obj
 0001:0000c0c0       _log10_special             000000018000d0c0 f   libucrt:log_special.obj
 0001:0000c178       ??$?RV<lambda_bfedae4ebbf01fab1bb6dcc6a9e276e0>@@AEAV<lambda_2fe9b910cf3cbf4a0ab98a02ba45b3ec>@@V<lambda_237c231691f317818eb88cc1d5d642d6>@@@?$__crt_seh_guarded_call@H@@QEAAH$$QEAV<lambda_bfedae4ebbf01fab1bb6dcc6a9e276e0>@@AEAV<lambda_2fe9b910cf3cbf4a0ab98a02ba45b3ec>@@$$QEAV<lambda_237c231691f317818eb88cc1d5d642d6>@@@Z 000000018000d178 f i libucrt:close.obj
 0001:0000c1ec       _close                     000000018000d1ec f   libucrt:close.obj
 0001:0000c290       _close_nolock              000000018000d290 f   libucrt:close.obj
 0001:0000c34c       ?__acrt_stdio_free_stream@@YAXV__crt_stdio_stream@@@Z 000000018000d34c f   libucrt:stream.obj
 0001:0000c390       __dcrt_lowio_initialize_console_output 000000018000d390 f   libucrt:initcon.obj
 0001:0000c3cc       __dcrt_terminate_console_output 000000018000d3cc f   libucrt:initcon.obj
 0001:0000c3ec       _raise_exc                 000000018000d3ec f   libucrt:fpexcept.obj
 0001:0000c414       _raise_exc_ex              000000018000d414 f   libucrt:fpexcept.obj
 0001:0000c71c       _raise_excf                000000018000d71c f   libucrt:fpexcept.obj
 0001:0000c748       _set_errno_from_matherr    000000018000d748 f   libucrt:fpexcept.obj
 0001:0000c778       _clrfp                     000000018000d778 f   libucrt:fpctrl.obj
 0001:0000c798       _ctrlfp                    000000018000d798 f   libucrt:fpctrl.obj
 0001:0000c814       _set_statfp                000000018000d814 f   libucrt:fpctrl.obj
 0001:0000c834       _statfp                    000000018000d834 f   libucrt:fpctrl.obj
 0001:0000c846       IsProcessorFeaturePresent  000000018000d846 f   kernel32:KERNEL32.dll
 0001:0000c84c       RtlUnwindEx                000000018000d84c f   kernel32:KERNEL32.dll
 0001:0000c854       ?DloadAcquireSectionWriteAccess@@YAXXZ 000000018000d854 f i DelayImp:delayhlp.obj
 0001:0000c910       ?DloadGetSRWLockFunctionPointers@@YAEXZ 000000018000d910 f i DelayImp:delayhlp.obj
 0001:0000c9ac       ?DloadMakePermanentImageCommit@@YAXPEAX_K@Z 000000018000d9ac f i DelayImp:delayhlp.obj
 0001:0000ca44       ?DloadObtainSection@@YAPEAXPEAK0@Z 000000018000da44 f i DelayImp:delayhlp.obj
 0001:0000cadc       ?DloadProtectSection@@YAXKPEAK@Z 000000018000dadc f i DelayImp:delayhlp.obj
 0001:0000cb6c       ?DloadReleaseSectionWriteAccess@@YAXXZ 000000018000db6c f i DelayImp:delayhlp.obj
 0001:0000cc10       __delayLoadHelper2         000000018000dc10 f   DelayImp:delayhlp.obj
 0001:0000cf10       _FindPESection             000000018000df10 f   LIBCMT:pesect.obj
 0001:0000cf60       _IsNonwritableInCurrentImage 000000018000df60 f   LIBCMT:pesect.obj
 0001:0000cfb0       _ValidateImageBase         000000018000dfb0 f   LIBCMT:pesect.obj
 0001:0000cfe0       __GSHandlerCheck           000000018000dfe0 f   LIBCMT:_gshandler_.obj
 0001:0000d000       __GSHandlerCheckCommon     000000018000e000 f   LIBCMT:_gshandler_.obj
 0001:0000d070       __chkstk                   000000018000e070 f   LIBCMT:_chkstk_.obj
 0001:0000d070       _alloca_probe              000000018000e070 f   LIBCMT:_chkstk_.obj
 0001:0000d0e0       memcmp                     000000018000e0e0 f   libvcruntime:memcmp.obj
 0001:0000d1b0       powf                       000000018000e1b0 f   libucrt:powf.obj
 0001:0000e078       sqrtf                      000000018000f078 f   libucrt:sqrtf.obj
 0001:0000e130       _powf_special              000000018000f130 f   libucrt:pow_special.obj
 0001:0000e2d0       _guard_dispatch_icall_nop  000000018000f2d0 f   LIBCMT:_guard_dispatch_.obj
 0002:00000000       __imp_GetModuleHandleA     0000000180010000     kernel32:KERNEL32.dll
 0002:00000008       __imp_RtlCaptureContext    0000000180010008     kernel32:KERNEL32.dll
 0002:00000010       __imp_RtlLookupFunctionEntry 0000000180010010     kernel32:KERNEL32.dll
 0002:00000018       __imp_RtlVirtualUnwind     0000000180010018     kernel32:KERNEL32.dll
 0002:00000020       __imp_UnhandledExceptionFilter 0000000180010020     kernel32:KERNEL32.dll
 0002:00000028       __imp_SetUnhandledExceptionFilter 0000000180010028     kernel32:KERNEL32.dll
 0002:00000030       __imp_GetCurrentProcess    0000000180010030     kernel32:KERNEL32.dll
 0002:00000038       __imp_TerminateProcess     0000000180010038     kernel32:KERNEL32.dll
 0002:00000040       __imp_IsProcessorFeaturePresent 0000000180010040     kernel32:KERNEL32.dll
 0002:00000048       __imp_QueryPerformanceCounter 0000000180010048     kernel32:KERNEL32.dll
 0002:00000050       __imp_GetCurrentProcessId  0000000180010050     kernel32:KERNEL32.dll
 0002:00000058       __imp_GetCurrentThreadId   0000000180010058     kernel32:KERNEL32.dll
 0002:00000060       __imp_GetSystemTimeAsFileTime 0000000180010060     kernel32:KERNEL32.dll
 0002:00000068       __imp_InitializeSListHead  0000000180010068     kernel32:KERNEL32.dll
 0002:00000070       __imp_IsDebuggerPresent    0000000180010070     kernel32:KERNEL32.dll
 0002:00000078       __imp_GetStartupInfoW      0000000180010078     kernel32:KERNEL32.dll
 0002:00000080       __imp_GetModuleHandleW     0000000180010080     kernel32:KERNEL32.dll
 0002:00000088       __imp_RtlPcToFileHeader    0000000180010088     kernel32:KERNEL32.dll
 0002:00000090       __imp_RaiseException       0000000180010090     kernel32:KERNEL32.dll
 0002:00000098       __imp_RtlUnwindEx          0000000180010098     kernel32:KERNEL32.dll
 0002:000000a0       __imp_InterlockedFlushSList 00000001800100a0     kernel32:KERNEL32.dll
 0002:000000a8       __imp_GetLastError         00000001800100a8     kernel32:KERNEL32.dll
 0002:000000b0       __imp_SetLastError         00000001800100b0     kernel32:KERNEL32.dll
 0002:000000b8       __imp_EnterCriticalSection 00000001800100b8     kernel32:KERNEL32.dll
 0002:000000c0       __imp_LeaveCriticalSection 00000001800100c0     kernel32:KERNEL32.dll
 0002:000000c8       __imp_DeleteCriticalSection 00000001800100c8     kernel32:KERNEL32.dll
 0002:000000d0       __imp_InitializeCriticalSectionAndSpinCount 00000001800100d0     kernel32:KERNEL32.dll
 0002:000000d8       __imp_TlsAlloc             00000001800100d8     kernel32:KERNEL32.dll
 0002:000000e0       __imp_TlsGetValue          00000001800100e0     kernel32:KERNEL32.dll
 0002:000000e8       __imp_TlsSetValue          00000001800100e8     kernel32:KERNEL32.dll
 0002:000000f0       __imp_TlsFree              00000001800100f0     kernel32:KERNEL32.dll
 0002:000000f8       __imp_FreeLibrary          00000001800100f8     kernel32:KERNEL32.dll
 0002:00000100       __imp_GetProcAddress       0000000180010100     kernel32:KERNEL32.dll
 0002:00000108       __imp_LoadLibraryExW       0000000180010108     kernel32:KERNEL32.dll
 0002:00000110       __imp_ExitProcess          0000000180010110     kernel32:KERNEL32.dll
 0002:00000118       __imp_GetModuleHandleExW   0000000180010118     kernel32:KERNEL32.dll
 0002:00000120       __imp_GetModuleFileNameA   0000000180010120     kernel32:KERNEL32.dll
 0002:00000128       __imp_MultiByteToWideChar  0000000180010128     kernel32:KERNEL32.dll
 0002:00000130       __imp_WideCharToMultiByte  0000000180010130     kernel32:KERNEL32.dll
 0002:00000138       __imp_HeapFree             0000000180010138     kernel32:KERNEL32.dll
 0002:00000140       __imp_HeapAlloc            0000000180010140     kernel32:KERNEL32.dll
 0002:00000148       __imp_GetACP               0000000180010148     kernel32:KERNEL32.dll
 0002:00000150       __imp_LCMapStringW         0000000180010150     kernel32:KERNEL32.dll
 0002:00000158       __imp_FindClose            0000000180010158     kernel32:KERNEL32.dll
 0002:00000160       __imp_FindFirstFileExA     0000000180010160     kernel32:KERNEL32.dll
 0002:00000168       __imp_FindNextFileA        0000000180010168     kernel32:KERNEL32.dll
 0002:00000170       __imp_IsValidCodePage      0000000180010170     kernel32:KERNEL32.dll
 0002:00000178       __imp_GetOEMCP             0000000180010178     kernel32:KERNEL32.dll
 0002:00000180       __imp_GetCPInfo            0000000180010180     kernel32:KERNEL32.dll
 0002:00000188       __imp_GetCommandLineA      0000000180010188     kernel32:KERNEL32.dll
 0002:00000190       __imp_GetCommandLineW      0000000180010190     kernel32:KERNEL32.dll
 0002:00000198       __imp_GetEnvironmentStringsW 0000000180010198     kernel32:KERNEL32.dll
 0002:000001a0       __imp_FreeEnvironmentStringsW 00000001800101a0     kernel32:KERNEL32.dll
 0002:000001a8       __imp_GetProcessHeap       00000001800101a8     kernel32:KERNEL32.dll
 0002:000001b0       __imp_GetStdHandle         00000001800101b0     kernel32:KERNEL32.dll
 0002:000001b8       __imp_GetFileType          00000001800101b8     kernel32:KERNEL32.dll
 0002:000001c0       __imp_GetStringTypeW       00000001800101c0     kernel32:KERNEL32.dll
 0002:000001c8       __imp_HeapSize             00000001800101c8     kernel32:KERNEL32.dll
 0002:000001d0       __imp_HeapReAlloc          00000001800101d0     kernel32:KERNEL32.dll
 0002:000001d8       __imp_SetStdHandle         00000001800101d8     kernel32:KERNEL32.dll
 0002:000001e0       __imp_WriteFile            00000001800101e0     kernel32:KERNEL32.dll
 0002:000001e8       __imp_FlushFileBuffers     00000001800101e8     kernel32:KERNEL32.dll
 0002:000001f0       __imp_GetConsoleCP         00000001800101f0     kernel32:KERNEL32.dll
 0002:000001f8       __imp_GetConsoleMode       00000001800101f8     kernel32:KERNEL32.dll
 0002:00000200       __imp_SetFilePointerEx     0000000180010200     kernel32:KERNEL32.dll
 0002:00000208       __imp_CloseHandle          0000000180010208     kernel32:KERNEL32.dll
 0002:00000210       __imp_WriteConsoleW        0000000180010210     kernel32:KERNEL32.dll
 0002:00000218       __imp_CreateFileW          0000000180010218     kernel32:KERNEL32.dll
 0002:00000220       __imp_GetSystemInfo        0000000180010220     kernel32:KERNEL32.dll
 0002:00000228       __imp_VirtualProtect       0000000180010228     kernel32:KERNEL32.dll
 0002:00000230       __imp_VirtualQuery         0000000180010230     kernel32:KERNEL32.dll
 0002:00000238       __imp_LoadLibraryExA       0000000180010238     kernel32:KERNEL32.dll
 0002:00000240       \177KERNEL32_NULL_THUNK_DATA 0000000180010240     kernel32:KERNEL32.dll
 0002:00000248       __guard_check_icall_fptr   0000000180010248     LIBCMT:guard_support.obj
 0002:00000250       __guard_dispatch_icall_fptr 0000000180010250     LIBCMT:guard_support.obj
 0002:00000258       __xc_a                     0000000180010258     LIBCMT:initializers.obj
 0002:00000260       _register_binding_         0000000180010260     +.obj
 0002:00000268       __xc_z                     0000000180010268     LIBCMT:initializers.obj
 0002:00000270       __xi_a                     0000000180010270     LIBCMT:initializers.obj
 0002:00000278       __acrt_multibyte_initializer 0000000180010278     libucrt:multibyte_initializer.obj
 0002:00000280       __acrt_stdio_initializer   0000000180010280     libucrt:stdio_initializer.obj
 0002:00000288       __acrt_tran_fma3_initializer 0000000180010288     libucrt:fma3_initializer.obj
 0002:00000290       __xi_z                     0000000180010290     LIBCMT:initializers.obj
 0002:00000298       __xp_a                     0000000180010298     LIBCMT:initializers.obj
 0002:000002a0       __acrt_locale_terminator   00000001800102a0     libucrt:locale_initializer.obj
 0002:000002a8       __dcrt_console_output_terminator 00000001800102a8     libucrt:console_output_initializer.obj
 0002:000002b0       __acrt_stdio_terminator    00000001800102b0     libucrt:stdio_initializer.obj
 0002:000002b8       __xp_z                     00000001800102b8     LIBCMT:initializers.obj
 0002:000002c0       __xt_a                     00000001800102c0     LIBCMT:initializers.obj
 0002:000002c8       __xt_z                     00000001800102c8     LIBCMT:initializers.obj
 0002:000002d0       __sz_node_exe              00000001800102d0     node:node.exe
 0002:000002e8       ??_7exception@std@@6B@     00000001800102e8     libcpmt:xthrow.obj
 0002:000002f8       ??_C@_0BC@EOODALEL@Unknown?5exception?$AA@ 00000001800102f8     libcpmt:xthrow.obj
 0002:00000318       ??_7bad_alloc@std@@6B@     0000000180010318     libcpmt:xthrow.obj
 0002:00000328       ??_C@_0P@GHFPNOJB@bad?5allocation?$AA@ 0000000180010328     libcpmt:xthrow.obj
 0002:00000340       ??_7logic_error@std@@6B@   0000000180010340     libcpmt:xthrow.obj
 0002:00000358       ??_7length_error@std@@6B@  0000000180010358     libcpmt:xthrow.obj
 0002:00000368       _pDefaultRawDllMain        0000000180010368     LIBCMT:dll_dllmain.obj
 0002:00000368       _pRawDllMain               0000000180010368     LIBCMT:dll_dllmain.obj
 0002:00000378       ??_7type_info@@6B@         0000000180010378     LIBCMT:std_type_info_static.obj
 0002:00000398       ??_7bad_array_new_length@std@@6B@ 0000000180010398     LIBCMT:throw_bad_alloc.obj
 0002:000003a8       ??_C@_0BF@KINCDENJ@bad?5array?5new?5length?$AA@ 00000001800103a8     LIBCMT:throw_bad_alloc.obj
 0002:00000420       ??_C@_1BC@DNHGCMLG@?$AAa?$AAd?$AAv?$AAa?$AAp?$AAi?$AA3?$AA2?$AA?$AA@ 0000000180010420     libvcruntime:winapi_downlevel.obj
 0002:00000438       ??_C@_1DM@KHCHBNEB@?$AAa?$AAp?$AAi?$AA?9?$AAm?$AAs?$AA?9?$AAw?$AAi?$AAn?$AA?9?$AAc?$AAo?$AAr?$AAe?$AA?9?$AAf?$AAi?$AAb?$AAe?$AAr?$AAs?$AA?9?$AAl?$AA1?$AA?9?$AA1?$AA?9?$AA1?$AA?$AA@ 0000000180010438     libvcruntime:winapi_downlevel.obj
 0002:00000478       ??_C@_1DK@LPPGFMPP@?$AAa?$AAp?$AAi?$AA?9?$AAm?$AAs?$AA?9?$AAw?$AAi?$AAn?$AA?9?$AAc?$AAo?$AAr?$AAe?$AA?9?$AAs?$AAy?$AAn?$AAc?$AAh?$AA?9?$AAl?$AA1?$AA?9?$AA2?$AA?9?$AA0?$AA?$AA@ 0000000180010478     libvcruntime:winapi_downlevel.obj
 0002:000004b8       ??_C@_1BC@GDMECMAK@?$AAk?$AAe?$AAr?$AAn?$AAe?$AAl?$AA3?$AA2?$AA?$AA@ 00000001800104b8     libvcruntime:winapi_downlevel.obj
 0002:000004d8       ??_C@_08KNHFBNJ@FlsAlloc?$AA@ 00000001800104d8     libvcruntime:winapi_downlevel.obj
 0002:000004f0       ??_C@_07PEJMOBNF@FlsFree?$AA@ 00000001800104f0     libvcruntime:winapi_downlevel.obj
 0002:00000500       ??_C@_0M@GDNOONDI@FlsGetValue?$AA@ 0000000180010500     libvcruntime:winapi_downlevel.obj
 0002:00000518       ??_C@_0M@JCPCPOEF@FlsSetValue?$AA@ 0000000180010518     libvcruntime:winapi_downlevel.obj
 0002:00000530       ??_C@_0BM@HCFOFFN@InitializeCriticalSectionEx?$AA@ 0000000180010530     libvcruntime:winapi_downlevel.obj
 0002:00000870       ??_C@_08EHJDFFNH@__based?$CI?$AA@ 0000000180010870     libvcruntime:undname.obj
 0002:00000880       ??_C@_07KOLFKCDI@__cdecl?$AA@ 0000000180010880     libvcruntime:undname.obj
 0002:00000888       ??_C@_08GHMPAG@__pascal?$AA@ 0000000180010888     libvcruntime:undname.obj
 0002:00000898       ??_C@_09IFJBGAPI@__stdcall?$AA@ 0000000180010898     libvcruntime:undname.obj
 0002:000008a8       ??_C@_0L@NPHFGOKO@__thiscall?$AA@ 00000001800108a8     libvcruntime:undname.obj
 0002:000008b8       ??_C@_0L@JMKHOMEK@__fastcall?$AA@ 00000001800108b8     libvcruntime:undname.obj
 0002:000008c8       ??_C@_0N@BCKKPABJ@__vectorcall?$AA@ 00000001800108c8     libvcruntime:undname.obj
 0002:000008d8       ??_C@_09HIJEGCPM@__clrcall?$AA@ 00000001800108d8     libvcruntime:undname.obj
 0002:000008e4       ??_C@_06GHPCKEAG@__eabi?$AA@ 00000001800108e4     libvcruntime:undname.obj
 0002:000008f0       ??_C@_07JOMMBBKO@__ptr64?$AA@ 00000001800108f0     libvcruntime:undname.obj
 0002:000008f8       ??_C@_0L@PILCLIHE@__restrict?$AA@ 00000001800108f8     libvcruntime:undname.obj
 0002:00000908       ??_C@_0M@GFIIJFMG@__unaligned?$AA@ 0000000180010908     libvcruntime:undname.obj
 0002:00000918       ??_C@_09DHDLOLLB@restrict?$CI?$AA@ 0000000180010918     libvcruntime:undname.obj
 0002:00000922       ??_C@_00CNPNBAHC@?$AA@     0000000180010922     libvcruntime:undname.obj
 0002:00000924       ??_C@_04NIHEBCM@?5new?$AA@ 0000000180010924     libvcruntime:undname.obj
 0002:00000930       ??_C@_07FPCDHGMM@?5delete?$AA@ 0000000180010930     libvcruntime:undname.obj
 0002:00000938       ??_C@_01NEMOKFLO@?$DN?$AA@ 0000000180010938     libvcruntime:undname.obj
 0002:0000093c       ??_C@_02GPIOPFAK@?$DO?$DO?$AA@ 000000018001093c     libvcruntime:undname.obj
 0002:00000940       ??_C@_02FODMEDOG@?$DM?$DM?$AA@ 0000000180010940     libvcruntime:undname.obj
 0002:00000944       ??_C@_01DCLJPIOD@?$CB?$AA@ 0000000180010944     libvcruntime:undname.obj
 0002:00000948       ??_C@_02EGOFBIJA@?$DN?$DN?$AA@ 0000000180010948     libvcruntime:undname.obj
 0002:0000094c       ??_C@_02FDNJECIE@?$CB?$DN?$AA@ 000000018001094c     libvcruntime:undname.obj
 0002:00000950       ??_C@_02GPECMEKF@?$FL?$FN?$AA@ 0000000180010950     libvcruntime:undname.obj
 0002:00000958       ??_C@_08LHJFAFGD@operator?$AA@ 0000000180010958     libvcruntime:undname.obj
 0002:00000964       ??_C@_02HBOOOICD@?9?$DO?$AA@ 0000000180010964     libvcruntime:undname.obj
 0002:00000968       ??_C@_01NBENCBCI@?$CK?$AA@ 0000000180010968     libvcruntime:undname.obj
 0002:0000096c       ??_C@_02ECNGHCIF@?$CL?$CL?$AA@ 000000018001096c     libvcruntime:undname.obj
 0002:00000970       ??_C@_02BAABKJLB@?9?9?$AA@ 0000000180010970     libvcruntime:undname.obj
 0002:00000974       ??_C@_01JOAMLHOP@?9?$AA@   0000000180010974     libvcruntime:undname.obj
 0002:00000978       ??_C@_01MIFGBAGJ@?$CL?$AA@ 0000000180010978     libvcruntime:undname.obj
 0002:0000097c       ??_C@_01HNPIGOCE@?$CG?$AA@ 000000018001097c     libvcruntime:undname.obj
 0002:00000980       ??_C@_03MNHNFDLC@?9?$DO?$CK?$AA@ 0000000180010980     libvcruntime:undname.obj
 0002:00000984       ??_C@_01KMDKNFGN@?1?$AA@   0000000180010984     libvcruntime:undname.obj
 0002:00000988       ??_C@_01FGNFDNOH@?$CF?$AA@ 0000000180010988     libvcruntime:undname.obj
 0002:0000098c       ??_C@_01MNNFJEPP@?$DM?$AA@ 000000018001098c     libvcruntime:undname.obj
 0002:00000990       ??_C@_02EHCHHCKH@?$DM?$DN?$AA@ 0000000180010990     libvcruntime:undname.obj
 0002:00000994       ??_C@_01PPODPGHN@?$DO?$AA@ 0000000180010994     libvcruntime:undname.obj
 0002:00000998       ??_C@_02EEKDKGMJ@?$DO?$DN?$AA@ 0000000180010998     libvcruntime:undname.obj
 0002:0000099c       ??_C@_01IHBHIGKO@?0?$AA@   000000018001099c     libvcruntime:undname.obj
 0002:000009a0       ??_C@_02HCKGKOFO@?$CI?$CJ?$AA@ 00000001800109a0     libvcruntime:undname.obj
 0002:000009a4       ??_C@_01PJKLJHI@?$HO?$AA@  00000001800109a4     libvcruntime:undname.obj
 0002:000009a8       ??_C@_01JKBOJNNK@?$FO?$AA@ 00000001800109a8     libvcruntime:undname.obj
 0002:000009ac       ??_C@_01DNKMNLPK@?$HM?$AA@ 00000001800109ac     libvcruntime:undname.obj
 0002:000009b0       ??_C@_02PPKAJPJL@?$CG?$CG?$AA@ 00000001800109b0     libvcruntime:undname.obj
 0002:000009b4       ??_C@_02NONPIBCD@?$HM?$HM?$AA@ 00000001800109b4     libvcruntime:undname.obj
 0002:000009b8       ??_C@_02FPIMKNGF@?$CK?$DN?$AA@ 00000001800109b8     libvcruntime:undname.obj
 0002:000009bc       ??_C@_02FOEOMHFC@?$CL?$DN?$AA@ 00000001800109bc     libvcruntime:undname.obj
 0002:000009c0       ??_C@_02FKMDLLOA@?9?$DN?$AA@ 00000001800109c0     libvcruntime:undname.obj
 0002:000009c4       ??_C@_02FJEHGPIO@?1?$DN?$AA@ 00000001800109c4     libvcruntime:undname.obj
 0002:000009c8       ??_C@_02FENAOKFI@?$CF?$DN?$AA@ 00000001800109c8     libvcruntime:undname.obj
 0002:000009cc       ??_C@_03IKFCCPFF@?$DO?$DO?$DN?$AA@ 00000001800109cc     libvcruntime:undname.obj
 0002:000009d0       ??_C@_03CDNPDDLA@?$DM?$DM?$DN?$AA@ 00000001800109d0     libvcruntime:undname.obj
 0002:000009d4       ??_C@_02FGJGFEAB@?$CG?$DN?$AA@ 00000001800109d4     libvcruntime:undname.obj
 0002:000009d8       ??_C@_02DHLNPPGH@?$HM?$DN?$AA@ 00000001800109d8     libvcruntime:undname.obj
 0002:000009dc       ??_C@_02MHEGNOJ@?$FO?$DN?$AA@ 00000001800109dc     libvcruntime:undname.obj
 0002:000009e0       ??_C@_09IFPLHPGF@?$GAvftable?8?$AA@ 00000001800109e0     libvcruntime:undname.obj
 0002:000009f0       ??_C@_09BLBHBJP@?$GAvbtable?8?$AA@ 00000001800109f0     libvcruntime:undname.obj
 0002:00000a00       ??_C@_07FEEIOKP@?$GAvcall?8?$AA@ 0000000180010a00     libvcruntime:undname.obj
 0002:00000a08       ??_C@_08LLFFHHDJ@?$GAtypeof?8?$AA@ 0000000180010a08     libvcruntime:undname.obj
 0002:00000a18       ??_C@_0BF@KDPPACIK@?$GAlocal?5static?5guard?8?$AA@ 0000000180010a18     libvcruntime:undname.obj
 0002:00000a30       ??_C@_08OBABFOLI@?$GAstring?8?$AA@ 0000000180010a30     libvcruntime:undname.obj
 0002:00000a40       ??_C@_0BD@JDLKDPAB@?$GAvbase?5destructor?8?$AA@ 0000000180010a40     libvcruntime:undname.obj
 0002:00000a58       ??_C@_0BN@DEGPLNFK@?$GAvector?5deleting?5destructor?8?$AA@ 0000000180010a58     libvcruntime:undname.obj
 0002:00000a78       ??_C@_0BO@OBMKPJIG@?$GAdefault?5constructor?5closure?8?$AA@ 0000000180010a78     libvcruntime:undname.obj
 0002:00000a98       ??_C@_0BN@IMDCHIKM@?$GAscalar?5deleting?5destructor?8?$AA@ 0000000180010a98     libvcruntime:undname.obj
 0002:00000ab8       ??_C@_0BO@PFGOCPJJ@?$GAvector?5constructor?5iterator?8?$AA@ 0000000180010ab8     libvcruntime:undname.obj
 0002:00000ad8       ??_C@_0BN@LFPFMEDL@?$GAvector?5destructor?5iterator?8?$AA@ 0000000180010ad8     libvcruntime:undname.obj
 0002:00000af8       ??_C@_0CE@IKBNEHA@?$GAvector?5vbase?5constructor?5iterat@ 0000000180010af8     libvcruntime:undname.obj
 0002:00000b20       ??_C@_0BL@NILFHHPC@?$GAvirtual?5displacement?5map?8?$AA@ 0000000180010b20     libvcruntime:undname.obj
 0002:00000b40       ??_C@_0CB@JONCMFFK@?$GAeh?5vector?5constructor?5iterator?8@ 0000000180010b40     libvcruntime:undname.obj
 0002:00000b68       ??_C@_0CA@GCEOPDGL@?$GAeh?5vector?5destructor?5iterator?8?$AA@ 0000000180010b68     libvcruntime:undname.obj
 0002:00000b88       ??_C@_0CH@OOJPLCPH@?$GAeh?5vector?5vbase?5constructor?5ite@ 0000000180010b88     libvcruntime:undname.obj
 0002:00000bb0       ??_C@_0BL@LLKPOHJI@?$GAcopy?5constructor?5closure?8?$AA@ 0000000180010bb0     libvcruntime:undname.obj
 0002:00000bd0       ??_C@_0BA@KBCDOMBN@?$GAudt?5returning?8?$AA@ 0000000180010bd0     libvcruntime:undname.obj
 0002:00000be0       ??_C@_03KLGMFNMG@?$GAEH?$AA@ 0000000180010be0     libvcruntime:undname.obj
 0002:00000be4       ??_C@_05KHLCHHI@?$GARTTI?$AA@ 0000000180010be4     libvcruntime:undname.obj
 0002:00000bf0       ??_C@_0BA@KKLDJDLB@?$GAlocal?5vftable?8?$AA@ 0000000180010bf0     libvcruntime:undname.obj
 0002:00000c00       ??_C@_0CE@IIHCMGGL@?$GAlocal?5vftable?5constructor?5closu@ 0000000180010c00     libvcruntime:undname.obj
 0002:00000c24       ??_C@_06FHBGPFGH@?5new?$FL?$FN?$AA@ 0000000180010c24     libvcruntime:undname.obj
 0002:00000c30       ??_C@_09LBNFPBCA@?5delete?$FL?$FN?$AA@ 0000000180010c30     libvcruntime:undname.obj
 0002:00000c40       ??_C@_0P@HJKNJFNN@?$GAomni?5callsig?8?$AA@ 0000000180010c40     libvcruntime:undname.obj
 0002:00000c50       ??_C@_0BL@CNOONJFP@?$GAplacement?5delete?5closure?8?$AA@ 0000000180010c50     libvcruntime:undname.obj
 0002:00000c70       ??_C@_0BN@CKNJLHMB@?$GAplacement?5delete?$FL?$FN?5closure?8?$AA@ 0000000180010c70     libvcruntime:undname.obj
 0002:00000c90       ??_C@_0CG@CFDHKGGD@?$GAmanaged?5vector?5constructor?5iter@ 0000000180010c90     libvcruntime:undname.obj
 0002:00000cb8       ??_C@_0CF@IMGKMJNO@?$GAmanaged?5vector?5destructor?5itera@ 0000000180010cb8     libvcruntime:undname.obj
 0002:00000ce0       ??_C@_0CG@HLDDJMAG@?$GAeh?5vector?5copy?5constructor?5iter@ 0000000180010ce0     libvcruntime:undname.obj
 0002:00000d08       ??_C@_0CM@FCBBDIGB@?$GAeh?5vector?5vbase?5copy?5constructo@ 0000000180010d08     libvcruntime:undname.obj
 0002:00000d38       ??_C@_0BL@CLIPGLGB@?$GAdynamic?5initializer?5for?5?8?$AA@ 0000000180010d38     libvcruntime:undname.obj
 0002:00000d58       ??_C@_0CB@PDBIFEP@?$GAdynamic?5atexit?5destructor?5for?5?8@ 0000000180010d58     libvcruntime:undname.obj
 0002:00000d80       ??_C@_0CD@CGAJBKEJ@?$GAvector?5copy?5constructor?5iterato@ 0000000180010d80     libvcruntime:undname.obj
 0002:00000da8       ??_C@_0CJ@GJELGAMM@?$GAvector?5vbase?5copy?5constructor?5i@ 0000000180010da8     libvcruntime:undname.obj
 0002:00000dd8       ??_C@_0CL@FGIJHLCE@?$GAmanaged?5vector?5copy?5constructor@ 0000000180010dd8     libvcruntime:undname.obj
 0002:00000e08       ??_C@_0BM@PMGGMLDN@?$GAlocal?5static?5thread?5guard?8?$AA@ 0000000180010e08     libvcruntime:undname.obj
 0002:00000e28       ??_C@_0N@BDNMDMOL@operator?5?$CC?$CC?5?$AA@ 0000000180010e28     libvcruntime:undname.obj
 0002:00000e38       ??_C@_0BC@DAFEJGAK@?5Type?5Descriptor?8?$AA@ 0000000180010e38     libvcruntime:undname.obj
 0002:00000e50       ??_C@_0BM@LDKODKLH@?5Base?5Class?5Descriptor?5at?5?$CI?$AA@ 0000000180010e50     libvcruntime:undname.obj
 0002:00000e70       ??_C@_0BD@LGICGFMM@?5Base?5Class?5Array?8?$AA@ 0000000180010e70     libvcruntime:undname.obj
 0002:00000e88       ??_C@_0BN@MECKDCOJ@?5Class?5Hierarchy?5Descriptor?8?$AA@ 0000000180010e88     libvcruntime:undname.obj
 0002:00000ea8       ??_C@_0BK@CFCOFLF@?5Complete?5Object?5Locator?8?$AA@ 0000000180010ea8     libvcruntime:undname.obj
 0002:00000ed0       __acrt_exception_action_table 0000000180010ed0     libucrt:exception_filter.obj
 0002:00000f90       __acrt_signal_action_table_count 0000000180010f90     libucrt:exception_filter.obj
 0002:00000f98       __acrt_signal_action_first_fpe_index 0000000180010f98     libucrt:exception_filter.obj
 0002:00000fa0       __acrt_signal_action_fpe_count 0000000180010fa0     libucrt:exception_filter.obj
 0002:00000fa8       ??_C@_1BI@BGOHAHKC@?$AAm?$AAs?$AAc?$AAo?$AAr?$AAe?$AAe?$AA?4?$AAd?$AAl?$AAl?$AA?$AA@ 0000000180010fa8     libucrt:exit.obj
 0002:00000fc0       ??_C@_0P@MIGLKIOC@CorExitProcess?$AA@ 0000000180010fc0     libucrt:exit.obj
 0002:00001230       __lc_time_c                0000000180011230     libucrt:nlsdata.obj
 0002:000014f0       ??_C@_03KOEHGMDN@Sun?$AA@  00000001800114f0     libucrt:nlsdata.obj
 0002:000014f4       ??_C@_03PDAGKDH@Mon?$AA@   00000001800114f4     libucrt:nlsdata.obj
 0002:000014f8       ??_C@_03NAGEINEP@Tue?$AA@  00000001800114f8     libucrt:nlsdata.obj
 0002:000014fc       ??_C@_03MHOMLAJA@Wed?$AA@  00000001800114fc     libucrt:nlsdata.obj
 0002:00001500       ??_C@_03IOFIKPDN@Thu?$AA@  0000000180011500     libucrt:nlsdata.obj
 0002:00001504       ??_C@_03IDIOELNC@Fri?$AA@  0000000180011504     libucrt:nlsdata.obj
 0002:00001508       ??_C@_03FEFJNEK@Sat?$AA@   0000000180011508     libucrt:nlsdata.obj
 0002:0000150c       ??_C@_06OOPIFAJ@Sunday?$AA@ 000000018001150c     libucrt:nlsdata.obj
 0002:00001514       ??_C@_06JLEDEDGH@Monday?$AA@ 0000000180011514     libucrt:nlsdata.obj
 0002:00001520       ??_C@_07BAAGCFCM@Tuesday?$AA@ 0000000180011520     libucrt:nlsdata.obj
 0002:00001528       ??_C@_09DLIGFAKA@Wednesday?$AA@ 0000000180011528     libucrt:nlsdata.obj
 0002:00001538       ??_C@_08HACCIKIA@Thursday?$AA@ 0000000180011538     libucrt:nlsdata.obj
 0002:00001544       ??_C@_06JECMNKMI@Friday?$AA@ 0000000180011544     libucrt:nlsdata.obj
 0002:00001550       ??_C@_08INBOOONO@Saturday?$AA@ 0000000180011550     libucrt:nlsdata.obj
 0002:0000155c       ??_C@_03JIHJHPIE@Jan?$AA@  000000018001155c     libucrt:nlsdata.obj
 0002:00001560       ??_C@_03HJBDCHOM@Feb?$AA@  0000000180011560     libucrt:nlsdata.obj
 0002:00001564       ??_C@_03ODNJBKGA@Mar?$AA@  0000000180011564     libucrt:nlsdata.obj
 0002:00001568       ??_C@_03LEOLGMJP@Apr?$AA@  0000000180011568     libucrt:nlsdata.obj
 0002:0000156c       ??_C@_03CNMDKL@May?$AA@    000000018001156c     libucrt:nlsdata.obj
 0002:00001570       ??_C@_03IDFGHECI@Jun?$AA@  0000000180011570     libucrt:nlsdata.obj
 0002:00001574       ??_C@_03LBGABGKK@Jul?$AA@  0000000180011574     libucrt:nlsdata.obj
 0002:00001578       ??_C@_03IFJFEIGA@Aug?$AA@  0000000180011578     libucrt:nlsdata.obj
 0002:0000157c       ??_C@_03GGCAPAJC@Sep?$AA@  000000018001157c     libucrt:nlsdata.obj
 0002:00001580       ??_C@_03BMAOKBAD@Oct?$AA@  0000000180011580     libucrt:nlsdata.obj
 0002:00001584       ??_C@_03JPJOFNIA@Nov?$AA@  0000000180011584     libucrt:nlsdata.obj
 0002:00001588       ??_C@_03MKABNOCG@Dec?$AA@  0000000180011588     libucrt:nlsdata.obj
 0002:00001590       ??_C@_07CGJPFGJA@January?$AA@ 0000000180011590     libucrt:nlsdata.obj
 0002:00001598       ??_C@_08GNJGEPFN@February?$AA@ 0000000180011598     libucrt:nlsdata.obj
 0002:000015a4       ??_C@_05HPCKOFNC@March?$AA@ 00000001800115a4     libucrt:nlsdata.obj
 0002:000015ac       ??_C@_05DMJDNLEJ@April?$AA@ 00000001800115ac     libucrt:nlsdata.obj
 0002:000015b4       ??_C@_04CNLMGBGM@June?$AA@ 00000001800115b4     libucrt:nlsdata.obj
 0002:000015bc       ??_C@_04MIEPOIFP@July?$AA@ 00000001800115bc     libucrt:nlsdata.obj
 0002:000015c4       ??_C@_06LBBHFDDG@August?$AA@ 00000001800115c4     libucrt:nlsdata.obj
 0002:000015d0       ??_C@_09BHHEALKD@September?$AA@ 00000001800115d0     libucrt:nlsdata.obj
 0002:000015e0       ??_C@_07JJNFCEND@October?$AA@ 00000001800115e0     libucrt:nlsdata.obj
 0002:000015e8       ??_C@_08HCHEGEOA@November?$AA@ 00000001800115e8     libucrt:nlsdata.obj
 0002:000015f8       ??_C@_08EDHMEBNP@December?$AA@ 00000001800115f8     libucrt:nlsdata.obj
 0002:00001604       ??_C@_02DEDBPAFC@AM?$AA@   0000000180011604     libucrt:nlsdata.obj
 0002:00001608       ??_C@_02CJNFDJBF@PM?$AA@   0000000180011608     libucrt:nlsdata.obj
 0002:00001610       ??_C@_08BPBNCDIB@MM?1dd?1yy?$AA@ 0000000180011610     libucrt:nlsdata.obj
 0002:00001620       ??_C@_0BE@CKGJFCPC@dddd?0?5MMMM?5dd?0?5yyyy?$AA@ 0000000180011620     libucrt:nlsdata.obj
 0002:00001638       ??_C@_08JCCMCCIL@HH?3mm?3ss?$AA@ 0000000180011638     libucrt:nlsdata.obj
 0002:00001648       ??_C@_17MBGCMIPB@?$AAS?$AAu?$AAn?$AA?$AA@ 0000000180011648     libucrt:nlsdata.obj
 0002:00001650       ??_C@_17KBOMKBF@?$AAM?$AAo?$AAn?$AA?$AA@ 0000000180011650     libucrt:nlsdata.obj
 0002:00001658       ??_C@_17BMKGEGOJ@?$AAT?$AAu?$AAe?$AA?$AA@ 0000000180011658     libucrt:nlsdata.obj
 0002:00001660       ??_C@_17CJEDCEPE@?$AAW?$AAe?$AAd?$AA?$AA@ 0000000180011660     libucrt:nlsdata.obj
 0002:00001668       ??_C@_17PDPHAADD@?$AAT?$AAh?$AAu?$AA?$AA@ 0000000180011668     libucrt:nlsdata.obj
 0002:00001670       ??_C@_17HFOLPPLP@?$AAF?$AAr?$AAi?$AA?$AA@ 0000000180011670     libucrt:nlsdata.obj
 0002:00001678       ??_C@_17GGIBDPIH@?$AAS?$AAa?$AAt?$AA?$AA@ 0000000180011678     libucrt:nlsdata.obj
 0002:00001680       ??_C@_1O@IHNHDHPB@?$AAS?$AAu?$AAn?$AAd?$AAa?$AAy?$AA?$AA@ 0000000180011680     libucrt:nlsdata.obj
 0002:00001690       ??_C@_1O@MMNBFLIA@?$AAM?$AAo?$AAn?$AAd?$AAa?$AAy?$AA?$AA@ 0000000180011690     libucrt:nlsdata.obj
 0002:000016a0       ??_C@_1BA@ENFBFFEK@?$AAT?$AAu?$AAe?$AAs?$AAd?$AAa?$AAy?$AA?$AA@ 00000001800116a0     libucrt:nlsdata.obj
 0002:000016b0       ??_C@_1BE@EBOGMDOH@?$AAW?$AAe?$AAd?$AAn?$AAe?$AAs?$AAd?$AAa?$AAy?$AA?$AA@ 00000001800116b0     libucrt:nlsdata.obj
 0002:000016c8       ??_C@_1BC@HHMNLIHE@?$AAT?$AAh?$AAu?$AAr?$AAs?$AAd?$AAa?$AAy?$AA?$AA@ 00000001800116c8     libucrt:nlsdata.obj
 0002:000016e0       ??_C@_1O@PDICJHAG@?$AAF?$AAr?$AAi?$AAd?$AAa?$AAy?$AA?$AA@ 00000001800116e0     libucrt:nlsdata.obj
 0002:000016f0       ??_C@_1BC@ENMNNPAJ@?$AAS?$AAa?$AAt?$AAu?$AAr?$AAd?$AAa?$AAy?$AA?$AA@ 00000001800116f0     libucrt:nlsdata.obj
 0002:00001708       ??_C@_17DKNBKCHM@?$AAJ?$AAa?$AAn?$AA?$AA@ 0000000180011708     libucrt:nlsdata.obj
 0002:00001710       ??_C@_17LMDJEKJN@?$AAF?$AAe?$AAb?$AA?$AA@ 0000000180011710     libucrt:nlsdata.obj
 0002:00001718       ??_C@_17CKNLEDEC@?$AAM?$AAa?$AAr?$AA?$AA@ 0000000180011718     libucrt:nlsdata.obj
 0002:00001720       ??_C@_17LFPOIHDD@?$AAA?$AAp?$AAr?$AA?$AA@ 0000000180011720     libucrt:nlsdata.obj
 0002:00001728       ??_C@_17PNNKMEED@?$AAM?$AAa?$AAy?$AA?$AA@ 0000000180011728     libucrt:nlsdata.obj
 0002:00001730       ??_C@_17KCJGOCPB@?$AAJ?$AAu?$AAn?$AA?$AA@ 0000000180011730     libucrt:nlsdata.obj
 0002:00001738       ??_C@_17IJPCKHK@?$AAJ?$AAu?$AAl?$AA?$AA@ 0000000180011738     libucrt:nlsdata.obj
 0002:00001740       ??_C@_17ICPELBCN@?$AAA?$AAu?$AAg?$AA?$AA@ 0000000180011740     libucrt:nlsdata.obj
 0002:00001748       ??_C@_17HCHCOKMG@?$AAS?$AAe?$AAp?$AA?$AA@ 0000000180011748     libucrt:nlsdata.obj
 0002:00001750       ??_C@_17FNLKOI@?$AAO?$AAc?$AAt?$AA?$AA@ 0000000180011750     libucrt:nlsdata.obj
 0002:00001758       ??_C@_17BBDMLCIG@?$AAN?$AAo?$AAv?$AA?$AA@ 0000000180011758     libucrt:nlsdata.obj
 0002:00001760       ??_C@_17EGKACKIF@?$AAD?$AAe?$AAc?$AA?$AA@ 0000000180011760     libucrt:nlsdata.obj
 0002:00001768       ??_C@_1BA@EFMEIEBA@?$AAJ?$AAa?$AAn?$AAu?$AAa?$AAr?$AAy?$AA?$AA@ 0000000180011768     libucrt:nlsdata.obj
 0002:00001778       ??_C@_1BC@JGDDFFAM@?$AAF?$AAe?$AAb?$AAr?$AAu?$AAa?$AAr?$AAy?$AA?$AA@ 0000000180011778     libucrt:nlsdata.obj
 0002:00001790       ??_C@_1M@IKEENEDF@?$AAM?$AAa?$AAr?$AAc?$AAh?$AA?$AA@ 0000000180011790     libucrt:nlsdata.obj
 0002:000017a0       ??_C@_1M@GJNLMHFD@?$AAA?$AAp?$AAr?$AAi?$AAl?$AA?$AA@ 00000001800117a0     libucrt:nlsdata.obj
 0002:000017b0       ??_C@_19EPFLPGAP@?$AAJ?$AAu?$AAn?$AAe?$AA?$AA@ 00000001800117b0     libucrt:nlsdata.obj
 0002:000017c0       ??_C@_19BIFMLPCD@?$AAJ?$AAu?$AAl?$AAy?$AA?$AA@ 00000001800117c0     libucrt:nlsdata.obj
 0002:000017d0       ??_C@_1O@PAHLKOAC@?$AAA?$AAu?$AAg?$AAu?$AAs?$AAt?$AA?$AA@ 00000001800117d0     libucrt:nlsdata.obj
 0002:000017e0       ??_C@_1BE@DKAAMBJL@?$AAS?$AAe?$AAp?$AAt?$AAe?$AAm?$AAb?$AAe?$AAr?$AA?$AA@ 00000001800117e0     libucrt:nlsdata.obj
 0002:000017f8       ??_C@_1BA@EPANDLNG@?$AAO?$AAc?$AAt?$AAo?$AAb?$AAe?$AAr?$AA?$AA@ 00000001800117f8     libucrt:nlsdata.obj
 0002:00001808       ??_C@_1BC@BGLIFPF@?$AAN?$AAo?$AAv?$AAe?$AAm?$AAb?$AAe?$AAr?$AA?$AA@ 0000000180011808     libucrt:nlsdata.obj
 0002:00001820       ??_C@_1BC@FEMKIFH@?$AAD?$AAe?$AAc?$AAe?$AAm?$AAb?$AAe?$AAr?$AA?$AA@ 0000000180011820     libucrt:nlsdata.obj
 0002:00001834       ??_C@_15ODEHAHHF@?$AAA?$AAM?$AA?$AA@ 0000000180011834     libucrt:nlsdata.obj
 0002:0000183c       ??_C@_15CLMNNGEL@?$AAP?$AAM?$AA?$AA@ 000000018001183c     libucrt:nlsdata.obj
 0002:00001848       ??_C@_1BC@IEBCMHCM@?$AAM?$AAM?$AA?1?$AAd?$AAd?$AA?1?$AAy?$AAy?$AA?$AA@ 0000000180011848     libucrt:nlsdata.obj
 0002:00001860       ??_C@_1CI@KNAKOEBC@?$AAd?$AAd?$AAd?$AAd?$AA?0?$AA?5?$AAM?$AAM?$AAM?$AAM?$AA?5?$AAd?$AAd?$AA?0?$AA?5?$AAy?$AAy?$AAy?$AAy?$AA?$AA@ 0000000180011860     libucrt:nlsdata.obj
 0002:00001888       ??_C@_1BC@GDGBMEMK@?$AAH?$AAH?$AA?3?$AAm?$AAm?$AA?3?$AAs?$AAs?$AA?$AA@ 0000000180011888     libucrt:nlsdata.obj
 0002:000018a0       ??_C@_1M@BMHNFIME@?$AAe?$AAn?$AA?9?$AAU?$AAS?$AA?$AA@ 00000001800118a0     libucrt:nlsdata.obj
 0002:00001950       ??_C@_1EG@CNNIPFIM@?$AAa?$AAp?$AAi?$AA?9?$AAm?$AAs?$AA?9?$AAw?$AAi?$AAn?$AA?9?$AAa?$AAp?$AAp?$AAm?$AAo?$AAd?$AAe?$AAl?$AA?9?$AAr?$AAu?$AAn?$AAt?$AAi?$AAm?$AAe?$AA?9?$AAl?$AA1?$AA?9?$AA1@ 0000000180011950     libucrt:winapi_thunks.obj
 0002:000019a0       ??_C@_1EA@JGEFHKEI@?$AAa?$AAp?$AAi?$AA?9?$AAm?$AAs?$AA?9?$AAw?$AAi?$AAn?$AA?9?$AAc?$AAo?$AAr?$AAe?$AA?9?$AAd?$AAa?$AAt?$AAe?$AAt?$AAi?$AAm?$AAe?$AA?9?$AAl?$AA1?$AA?9?$AA1?$AA?9?$AA1?$AA?$AA@ 00000001800119a0     libucrt:winapi_thunks.obj
 0002:000019e0       ??_C@_1DI@GCIAAENM@?$AAa?$AAp?$AAi?$AA?9?$AAm?$AAs?$AA?9?$AAw?$AAi?$AAn?$AA?9?$AAc?$AAo?$AAr?$AAe?$AA?9?$AAf?$AAi?$AAl?$AAe?$AA?9?$AAl?$AA2?$AA?9?$AA1?$AA?9?$AA1?$AA?$AA@ 00000001800119e0     libucrt:winapi_thunks.obj
 0002:00001a20       ??_C@_1EI@MPIAOHOC@?$AAa?$AAp?$AAi?$AA?9?$AAm?$AAs?$AA?9?$AAw?$AAi?$AAn?$AA?9?$AAc?$AAo?$AAr?$AAe?$AA?9?$AAl?$AAo?$AAc?$AAa?$AAl?$AAi?$AAz?$AAa?$AAt?$AAi?$AAo?$AAn?$AA?9?$AAl?$AA1?$AA?9@ 0000000180011a20     libucrt:winapi_thunks.obj
 0002:00001a70       ??_C@_1FK@FPHCKFIE@?$AAa?$AAp?$AAi?$AA?9?$AAm?$AAs?$AA?9?$AAw?$AAi?$AAn?$AA?9?$AAc?$AAo?$AAr?$AAe?$AA?9?$AAl?$AAo?$AAc?$AAa?$AAl?$AAi?$AAz?$AAa?$AAt?$AAi?$AAo?$AAn?$AA?9?$AAo?$AAb?$AAs@ 0000000180011a70     libucrt:winapi_thunks.obj
 0002:00001ad0       ??_C@_1EM@DILCGIIO@?$AAa?$AAp?$AAi?$AA?9?$AAm?$AAs?$AA?9?$AAw?$AAi?$AAn?$AA?9?$AAc?$AAo?$AAr?$AAe?$AA?9?$AAp?$AAr?$AAo?$AAc?$AAe?$AAs?$AAs?$AAt?$AAh?$AAr?$AAe?$AAa?$AAd?$AAs?$AA?9?$AAl@ 0000000180011ad0     libucrt:winapi_thunks.obj
 0002:00001b20       ??_C@_1DM@LNCGDDPN@?$AAa?$AAp?$AAi?$AA?9?$AAm?$AAs?$AA?9?$AAw?$AAi?$AAn?$AA?9?$AAc?$AAo?$AAr?$AAe?$AA?9?$AAs?$AAt?$AAr?$AAi?$AAn?$AAg?$AA?9?$AAl?$AA1?$AA?9?$AA1?$AA?9?$AA0?$AA?$AA@ 0000000180011b20     libucrt:winapi_thunks.obj
 0002:00001b60       ??_C@_1DO@FPAPJEMD@?$AAa?$AAp?$AAi?$AA?9?$AAm?$AAs?$AA?9?$AAw?$AAi?$AAn?$AA?9?$AAc?$AAo?$AAr?$AAe?$AA?9?$AAs?$AAy?$AAs?$AAi?$AAn?$AAf?$AAo?$AA?9?$AAl?$AA1?$AA?9?$AA2?$AA?9?$AA1?$AA?$AA@ 0000000180011b60     libucrt:winapi_thunks.obj
 0002:00001ba0       ??_C@_1DK@NDHNAHIO@?$AAa?$AAp?$AAi?$AA?9?$AAm?$AAs?$AA?9?$AAw?$AAi?$AAn?$AA?9?$AAc?$AAo?$AAr?$AAe?$AA?9?$AAw?$AAi?$AAn?$AAr?$AAt?$AA?9?$AAl?$AA1?$AA?9?$AA1?$AA?9?$AA0?$AA?$AA@ 0000000180011ba0     libucrt:winapi_thunks.obj
 0002:00001be0       ??_C@_1DM@KGHDGBCM@?$AAa?$AAp?$AAi?$AA?9?$AAm?$AAs?$AA?9?$AAw?$AAi?$AAn?$AA?9?$AAc?$AAo?$AAr?$AAe?$AA?9?$AAx?$AAs?$AAt?$AAa?$AAt?$AAe?$AA?9?$AAl?$AA2?$AA?9?$AA1?$AA?9?$AA0?$AA?$AA@ 0000000180011be0     libucrt:winapi_thunks.obj
 0002:00001c20       ??_C@_1EO@IJIOEFOH@?$AAa?$AAp?$AAi?$AA?9?$AAm?$AAs?$AA?9?$AAw?$AAi?$AAn?$AA?9?$AAr?$AAt?$AAc?$AAo?$AAr?$AAe?$AA?9?$AAn?$AAt?$AAu?$AAs?$AAe?$AAr?$AA?9?$AAw?$AAi?$AAn?$AAd?$AAo?$AAw?$AA?9@ 0000000180011c20     libucrt:winapi_thunks.obj
 0002:00001c70       ??_C@_1FG@HHGEKANL@?$AAa?$AAp?$AAi?$AA?9?$AAm?$AAs?$AA?9?$AAw?$AAi?$AAn?$AA?9?$AAs?$AAe?$AAc?$AAu?$AAr?$AAi?$AAt?$AAy?$AA?9?$AAs?$AAy?$AAs?$AAt?$AAe?$AAm?$AAf?$AAu?$AAn?$AAc?$AAt?$AAi@ 0000000180011c70     libucrt:winapi_thunks.obj
 0002:00001cd0       ??_C@_1FG@NCKKOLKO@?$AAe?$AAx?$AAt?$AA?9?$AAm?$AAs?$AA?9?$AAw?$AAi?$AAn?$AA?9?$AAk?$AAe?$AAr?$AAn?$AAe?$AAl?$AA3?$AA2?$AA?9?$AAp?$AAa?$AAc?$AAk?$AAa?$AAg?$AAe?$AA?9?$AAc?$AAu?$AAr?$AAr@ 0000000180011cd0     libucrt:winapi_thunks.obj
 0002:00001d30       ??_C@_1EG@DBIOJECG@?$AAe?$AAx?$AAt?$AA?9?$AAm?$AAs?$AA?9?$AAw?$AAi?$AAn?$AA?9?$AAn?$AAt?$AAu?$AAs?$AAe?$AAr?$AA?9?$AAd?$AAi?$AAa?$AAl?$AAo?$AAg?$AAb?$AAo?$AAx?$AA?9?$AAl?$AA1?$AA?9?$AA1@ 0000000180011d30     libucrt:winapi_thunks.obj
 0002:00001d80       ??_C@_1EO@FIHMJCLF@?$AAe?$AAx?$AAt?$AA?9?$AAm?$AAs?$AA?9?$AAw?$AAi?$AAn?$AA?9?$AAn?$AAt?$AAu?$AAs?$AAe?$AAr?$AA?9?$AAw?$AAi?$AAn?$AAd?$AAo?$AAw?$AAs?$AAt?$AAa?$AAt?$AAi?$AAo?$AAn?$AA?9@ 0000000180011d80     libucrt:winapi_thunks.obj
 0002:00001dd0       ??_C@_1O@BCCLBEOE@?$AAu?$AAs?$AAe?$AAr?$AA3?$AA2?$AA?$AA@ 0000000180011dd0     libucrt:winapi_thunks.obj
 0002:00001e08       ??_C@_0BE@JOGNEJCI@GetCurrentPackageId?$AA@ 0000000180011e08     libucrt:winapi_thunks.obj
 0002:00001e30       ??_C@_0O@KKBNKAPF@LCMapStringEx?$AA@ 0000000180011e30     libucrt:winapi_thunks.obj
 0002:00001e48       ??_C@_0BB@HBDEELFH@LocaleNameToLCID?$AA@ 0000000180011e48     libucrt:winapi_thunks.obj
 0002:00001e80       ??_C@_1M@HPNHIDJI@?$AAj?$AAa?$AA?9?$AAJ?$AAP?$AA?$AA@ 0000000180011e80     libucrt:mbctype.obj
 0002:00001e90       ??_C@_1M@BIBDDEMK@?$AAz?$AAh?$AA?9?$AAC?$AAN?$AA?$AA@ 0000000180011e90     libucrt:mbctype.obj
 0002:00001ea0       ??_C@_1M@JLOOOEGK@?$AAk?$AAo?$AA?9?$AAK?$AAR?$AA?$AA@ 0000000180011ea0     libucrt:mbctype.obj
 0002:00001eb0       ??_C@_1M@CLNBBOPM@?$AAz?$AAh?$AA?9?$AAT?$AAW?$AA?$AA@ 0000000180011eb0     libucrt:mbctype.obj
 0002:00001ec0       __newctype                 0000000180011ec0     libucrt:ctype.obj
 0002:000021c0       __newclmap                 00000001800121c0     libucrt:ctype.obj
 0002:00002340       __newcumap                 0000000180012340     libucrt:ctype.obj
 0002:000024c0       ??_C@_15PJPFLCCM@?$AAu?$AAk?$AA?$AA@ 00000001800124c0     libucrt:get_qualified_locale.obj
 0002:00003310       ??_C@_15EMKDOKLE@?$AAa?$AAr?$AA?$AA@ 0000000180013310     libucrt:lcidtoname_downlevel.obj
 0002:00003318       ??_C@_15KNPADPLH@?$AAb?$AAg?$AA?$AA@ 0000000180013318     libucrt:lcidtoname_downlevel.obj
 0002:00003320       ??_C@_15EDMHLDMO@?$AAc?$AAa?$AA?$AA@ 0000000180013320     libucrt:lcidtoname_downlevel.obj
 0002:00003328       ??_C@_1O@BPEAJADD@?$AAz?$AAh?$AA?9?$AAC?$AAH?$AAS?$AA?$AA@ 0000000180013328     libucrt:lcidtoname_downlevel.obj
 0002:00003338       ??_C@_15LJNHCMNK@?$AAc?$AAs?$AA?$AA@ 0000000180013338     libucrt:lcidtoname_downlevel.obj
 0002:00003340       ??_C@_15FOMCIDHG@?$AAd?$AAa?$AA?$AA@ 0000000180013340     libucrt:lcidtoname_downlevel.obj
 0002:00003348       ??_C@_15NBKABECB@?$AAd?$AAe?$AA?$AA@ 0000000180013348     libucrt:lcidtoname_downlevel.obj
 0002:00003350       ??_C@_15GHPEIIAO@?$AAe?$AAl?$AA?$AA@ 0000000180013350     libucrt:lcidtoname_downlevel.obj
 0002:00003358       ??_C@_15MNPNEAIF@?$AAe?$AAn?$AA?$AA@ 0000000180013358     libucrt:lcidtoname_downlevel.obj
 0002:00003360       ??_C@_15GPIOMPMH@?$AAe?$AAs?$AA?$AA@ 0000000180013360     libucrt:lcidtoname_downlevel.obj
 0002:00003368       ??_C@_15NGLOAKJC@?$AAf?$AAi?$AA?$AA@ 0000000180013368     libucrt:lcidtoname_downlevel.obj
 0002:00003370       ??_C@_15FBKGNKAM@?$AAf?$AAr?$AA?$AA@ 0000000180013370     libucrt:lcidtoname_downlevel.obj
 0002:00003378       ??_C@_15KGGCNEFK@?$AAh?$AAe?$AA?$AA@ 0000000180013378     libucrt:lcidtoname_downlevel.obj
 0002:00003380       ??_C@_15PGHLIDMF@?$AAh?$AAu?$AA?$AA@ 0000000180013380     libucrt:lcidtoname_downlevel.obj
 0002:00003388       ??_C@_15BIEMAPLM@?$AAi?$AAs?$AA?$AA@ 0000000180013388     libucrt:lcidtoname_downlevel.obj
 0002:00003390       ??_C@_15IFJLDHAF@?$AAi?$AAt?$AA?$AA@ 0000000180013390     libucrt:lcidtoname_downlevel.obj
 0002:00003398       ??_C@_15GEMIOCAG@?$AAj?$AAa?$AA?$AA@ 0000000180013398     libucrt:lcidtoname_downlevel.obj
 0002:000033a0       ??_C@_15EPELEGJA@?$AAk?$AAo?$AA?$AA@ 00000001800133a0     libucrt:lcidtoname_downlevel.obj
 0002:000033a8       ??_C@_15NDDHIMN@?$AAn?$AAl?$AA?$AA@ 00000001800133a8     libucrt:lcidtoname_downlevel.obj
 0002:000033b0       ??_C@_15BPIGNHCD@?$AAn?$AAo?$AA?$AA@ 00000001800133b0     libucrt:lcidtoname_downlevel.obj
 0002:000033b8       ??_C@_15DEOPBLCG@?$AAp?$AAl?$AA?$AA@ 00000001800133b8     libucrt:lcidtoname_downlevel.obj
 0002:000033c0       ??_C@_15KBECGEFG@?$AAp?$AAt?$AA?$AA@ 00000001800133c0     libucrt:lcidtoname_downlevel.obj
 0002:000033c8       ??_C@_15GLJCBFMD@?$AAr?$AAo?$AA?$AA@ 00000001800133c8     libucrt:lcidtoname_downlevel.obj
 0002:000033d0       ??_C@_15FEDGKCDI@?$AAr?$AAu?$AA?$AA@ 00000001800133d0     libucrt:lcidtoname_downlevel.obj
[...]
 0004:000009e4       $pdata$?setmbcp_internal@@YAHH_N@Z 000000018001d9e4     libucrt:mbctype.obj
 0004:000009f0       $pdata$__acrt_initialize_multibyte 000000018001d9f0     libucrt:mbctype.obj
 0004:000009fc       $pdata$__acrt_update_thread_multibyte_data 000000018001d9fc     libucrt:mbctype.obj
 0004:00000a08       $pdata$_setmbcp_nolock     000000018001da08     libucrt:mbctype.obj
 0004:00000a14       $pdata$?x_ismbbtype_l@@YAHPEAU__crt_locale_pointers@@IHH@Z 000000018001da14     libucrt:ismbbyte.obj
 0004:00000a20       $pdata$__acrt_initialize_command_line 000000018001da20     libucrt:argv_data.obj
 0004:00000a2c       $pdata$__dcrt_get_narrow_environment_from_os 000000018001da2c     libucrt:get_environment_from_os.obj
 0004:00000a38       $pdata$_recalloc_base      000000018001da38     libucrt:recalloc.obj
 0004:00000a44       $pdata$__acrt_initialize_heap 000000018001da44     libucrt:heap_handle.obj
 0004:00000a50       $pdata$?initialize_inherited_file_handles_nolock@@YAXXZ 000000018001da50     libucrt:ioinit.obj
 0004:00000a5c       $pdata$?initialize_stdio_handles_nolock@@YAXXZ 000000018001da5c     libucrt:ioinit.obj
 0004:00000a68       $pdata$__acrt_initialize_lowio 000000018001da68     libucrt:ioinit.obj
 0004:00000a74       $pdata$__acrt_uninitialize_lowio 000000018001da74     libucrt:ioinit.obj
 0004:00000a80       $pdata$__acrt_execute_initializers 000000018001da80     libucrt:shared_initialization.obj
 0004:00000a8c       $pdata$__acrt_execute_uninitializers 000000018001da8c     libucrt:shared_initialization.obj
 0004:00000a98       $pdata$??$?RV<lambda_c36588078e9f5dfd39652860aa6b3aaf>@@AEAV<lambda_ec61778202f4f5fc7e7711acc23c3bca>@@V<lambda_dc9d2797ccde5d239b4a0efae8ebd7db>@@@?$__crt_seh_guarded_call@P6AXH@Z@@QEAAP6AXH@Z$$QEAV<lambda_c36588078e9f5dfd39652860aa6b3aaf>@@AEAV<lambda_ec61778202f4f5fc7e7711acc23c3bca>@@$$QEAV<lambda_dc9d2797ccde5d239b4a0efae8ebd7db>@@@Z 000000018001da98     libucrt:signal.obj
 0004:00000aa4       $pdata$__acrt_get_sigabrt_handler 000000018001daa4     libucrt:signal.obj
 0004:00000ab0       $pdata$raise               000000018001dab0     libucrt:signal.obj
 0004:00000abc       $pdata$__acrt_invoke_user_matherr 000000018001dabc     libucrt:matherr.obj
 0004:00000ac8       $pdata$_mbtowc_l           000000018001dac8     libucrt:mbtowc.obj
 0004:00000ad4       $pdata$_fileno             000000018001dad4     libucrt:fileno.obj
 0004:00000ae0       $pdata$__acrt_initialize_stdio 000000018001dae0     libucrt:_file.obj
 0004:00000aec       $pdata$__acrt_uninitialize_stdio 000000018001daec     libucrt:_file.obj
 0004:00000af8       $pdata$__pctype_func       000000018001daf8     libucrt:ctype.obj
 0004:00000b04       $pdata$_isctype_l          000000018001db04     libucrt:isctype.obj
 0004:00000b10       $pdata$__acrt_free_locale  000000018001db10     libucrt:locale_refcounting.obj
 0004:00000b1c       $pdata$__acrt_locale_free_lc_time_if_unreferenced 000000018001db1c     libucrt:locale_refcounting.obj
 0004:00000b28       $pdata$__acrt_release_locale_ref 000000018001db28     libucrt:locale_refcounting.obj
 0004:00000b34       $pdata$__acrt_update_thread_locale_data 000000018001db34     libucrt:locale_refcounting.obj
 0004:00000b40       $pdata$_updatetlocinfoEx_nolock 000000018001db40     libucrt:locale_refcounting.obj
 0004:00000b4c       $pdata$_isleadbyte_l       000000018001db4c     libucrt:_wctype.obj
 0004:00000b58       $pdata$?__acrt_LCMapStringA_stat@@YAHPEAU__crt_locale_pointers@@PEB_WKPEBDHPEADHHH@Z 000000018001db58     libucrt:lcmapstringa.obj
 0004:00000b64       $pdata$__acrt_LCMapStringA 000000018001db64     libucrt:lcmapstringa.obj
 0004:00000b70       $pdata$__acrt_locale_free_monetary 000000018001db70     libucrt:initmon.obj
 0004:00000b7c       $pdata$__acrt_locale_free_numeric 000000018001db7c     libucrt:initnum.obj
 0004:00000b88       $pdata$?free_crt_array_internal@@YAXQEAPEBX_K@Z 000000018001db88     libucrt:inittime.obj
 0004:00000b94       $pdata$__acrt_locale_free_time 000000018001db94     libucrt:inittime.obj
 0004:00000ba0       $pdata$__acrt_GetStringTypeA 000000018001dba0     libucrt:getstringtypea.obj
 0004:00000bac       $pdata$?GetTableIndexFromLocaleName@@YAHPEB_W@Z 000000018001dbac     libucrt:lcidtoname_downlevel.obj
 0004:00000bb8       $pdata$__acrt_DownlevelLocaleNameToLCID 000000018001dbb8     libucrt:lcidtoname_downlevel.obj
 0004:00000bc4       $pdata$?shortsort@@YAXPEAD0_KP6AHPEBX2@Z@Z 000000018001dbc4     libucrt:qsort.obj
 0004:00000bd0       $pdata$2$?shortsort@@YAXPEAD0_KP6AHPEBX2@Z@Z 000000018001dbd0     libucrt:qsort.obj
 0004:00000bdc       $pdata$3$?shortsort@@YAXPEAD0_KP6AHPEBX2@Z@Z 000000018001dbdc     libucrt:qsort.obj
 0004:00000be8       $pdata$qsort               000000018001dbe8     libucrt:qsort.obj
 0004:00000bf4       $pdata$4$qsort             000000018001dbf4     libucrt:qsort.obj
 0004:00000c00       $pdata$5$qsort             000000018001dc00     libucrt:qsort.obj
 0004:00000c0c       $pdata$strncpy_s           000000018001dc0c     libucrt:strncpy_s.obj
 0004:00000c18       $pdata$strpbrk             000000018001dc18     libucrt:strpbrk.obj
 0004:00000c24       $pdata$_mbsdec_l           000000018001dc24     libucrt:mbsdec.obj
 0004:00000c30       $pdata$?initialize_multibyte@@YAHXZ 000000018001dc30     libucrt:multibyte_initializer.obj
 0004:00000c3c       $pdata$_msize              000000018001dc3c     libucrt:msize.obj
 0004:00000c48       $pdata$_realloc_base       000000018001dc48     libucrt:realloc_base.obj
 0004:00000c54       $pdata$__acrt_lowio_create_handle_array 000000018001dc54     libucrt:osfinfo.obj
 0004:00000c60       $pdata$__acrt_lowio_destroy_handle_array 000000018001dc60     libucrt:osfinfo.obj
 0004:00000c6c       $pdata$__acrt_lowio_ensure_fh_exists 000000018001dc6c     libucrt:osfinfo.obj
 0004:00000c78       $pdata$_free_osfhnd        000000018001dc78     libucrt:osfinfo.obj
 0004:00000c84       $pdata$_get_osfhandle      000000018001dc84     libucrt:osfinfo.obj
 0004:00000c90       $pdata$_isatty             000000018001dc90     libucrt:isatty.obj
 0004:00000c9c       $pdata$__acrt_stdio_flush_nolock 000000018001dc9c     libucrt:fflush.obj
 0004:00000ca8       $pdata$_fflush_nolock      000000018001dca8     libucrt:fflush.obj
 0004:00000cb4       $pdata$common_flush_all    000000018001dcb4     libucrt:fflush.obj
 0004:00000cc0       $pdata$_fcloseall          000000018001dcc0     libucrt:closeall.obj
 0004:00000ccc       $pdata$__acrt_stdio_free_buffer_nolock 000000018001dccc     libucrt:_freebuf.obj
 0004:00000ce4       $pdata$??$?RV<lambda_b521505b218e5242e90febf6bfebc422>@@AEAV<lambda_6978c1fb23f02e42e1d9e99668cc68aa>@@V<lambda_314360699dd331753a4119843814e9a7>@@@?$__crt_seh_guarded_call@H@@QEAAH$$QEAV<lambda_b521505b218e5242e90febf6bfebc422>@@AEAV<lambda_6978c1fb23f02e42e1d9e99668cc68aa>@@$$QEAV<lambda_314360699dd331753a4119843814e9a7>@@@Z 000000018001dce4     libucrt:commit.obj
 0004:00000cf0       $pdata$_commit             000000018001dcf0     libucrt:commit.obj
 0004:00000cfc       $pdata$?write_double_translated_ansi_nolock@@YA?AUwrite_result@?A0x9c548279@@HQEBDI@Z 000000018001dcfc     libucrt:write.obj
 0004:00000d08       $pdata$?write_text_ansi_nolock@@YA?AUwrite_result@?A0x9c548279@@HQEBDI@Z 000000018001dd08     libucrt:write.obj
 0004:00000d14       $pdata$?write_text_utf16le_nolock@@YA?AUwrite_result@?A0x9c548279@@HQEBDI@Z 000000018001dd14     libucrt:write.obj
 0004:00000d20       $pdata$?write_text_utf8_nolock@@YA?AUwrite_result@?A0x9c548279@@HQEBDI@Z 000000018001dd20     libucrt:write.obj
 0004:00000d2c       $pdata$_write              000000018001dd2c     libucrt:write.obj
 0004:00000d38       $pdata$_write_nolock       000000018001dd38     libucrt:write.obj
 0004:00000d50       $pdata$??$common_lseek_nolock@_J@@YA_JH_JH@Z 000000018001dd50     libucrt:lseek.obj
 0004:00000d5c       $pdata$_fclose_nolock      000000018001dd5c     libucrt:fclose.obj
 0004:00000d68       $pdata$fclose              000000018001dd68     libucrt:fclose.obj
 0004:00000d74       $pdata$_putwch_nolock      000000018001dd74     libucrt:putwch.obj
 0004:00000d80       $pdata$_call_matherr       000000018001dd80     libucrt:libm_error.obj
 0004:00000d8c       $pdata$_exception_enabled  000000018001dd8c     libucrt:libm_error.obj
 0004:00000d98       $pdata$_handle_error       000000018001dd98     libucrt:libm_error.obj
 0004:00000da4       $pdata$_handle_errorf      000000018001dda4     libucrt:libm_error.obj
 0004:00000db0       $pdata$__acrt_initialize_fma3 000000018001ddb0     libucrt:fma3_available.obj
 0004:00000dbc       $pdata$_log10_special      000000018001ddbc     libucrt:log_special.obj
 0004:00000dc8       $pdata$_log_special_common 000000018001ddc8     libucrt:log_special.obj
 0004:00000dd4       $pdata$??$?RV<lambda_bfedae4ebbf01fab1bb6dcc6a9e276e0>@@AEAV<lambda_2fe9b910cf3cbf4a0ab98a02ba45b3ec>@@V<lambda_237c231691f317818eb88cc1d5d642d6>@@@?$__crt_seh_guarded_call@H@@QEAAH$$QEAV<lambda_bfedae4ebbf01fab1bb6dcc6a9e276e0>@@AEAV<lambda_2fe9b910cf3cbf4a0ab98a02ba45b3ec>@@$$QEAV<lambda_237c231691f317818eb88cc1d5d642d6>@@@Z 000000018001ddd4     libucrt:close.obj
 0004:00000de0       $pdata$_close              000000018001dde0     libucrt:close.obj
 0004:00000dec       $pdata$_close_nolock       000000018001ddec     libucrt:close.obj
 0004:00000df8       $pdata$__dcrt_lowio_initialize_console_output 000000018001ddf8     libucrt:initcon.obj
 0004:00000e04       $pdata$__dcrt_terminate_console_output 000000018001de04     libucrt:initcon.obj
 0004:00000e10       $pdata$_raise_exc          000000018001de10     libucrt:fpexcept.obj
 0004:00000e1c       $pdata$_raise_exc_ex       000000018001de1c     libucrt:fpexcept.obj
 0004:00000e28       $pdata$_raise_excf         000000018001de28     libucrt:fpexcept.obj
 0004:00000e34       $pdata$_set_errno_from_matherr 000000018001de34     libucrt:fpexcept.obj
 0004:00000e40       $pdata$_clrfp              000000018001de40     libucrt:fpctrl.obj
 0004:00000e4c       $pdata$_ctrlfp             000000018001de4c     libucrt:fpctrl.obj
 0004:00000e58       $pdata$_set_statfp         000000018001de58     libucrt:fpctrl.obj
 0004:00000e64       $pdata$_statfp             000000018001de64     libucrt:fpctrl.obj
 0004:00000e70       $pdata$?DloadAcquireSectionWriteAccess@@YAXXZ 000000018001de70     DelayImp:delayhlp.obj
 0004:00000e7c       $pdata$?DloadGetSRWLockFunctionPointers@@YAEXZ 000000018001de7c     DelayImp:delayhlp.obj
 0004:00000e88       $pdata$?DloadMakePermanentImageCommit@@YAXPEAX_K@Z 000000018001de88     DelayImp:delayhlp.obj
 0004:00000e94       $pdata$?DloadObtainSection@@YAPEAXPEAK0@Z 000000018001de94     DelayImp:delayhlp.obj
 0004:00000ea0       $pdata$?DloadProtectSection@@YAXKPEAK@Z 000000018001dea0     DelayImp:delayhlp.obj
 0004:00000eac       $pdata$?DloadReleaseSectionWriteAccess@@YAXXZ 000000018001deac     DelayImp:delayhlp.obj
 0004:00000eb8       $pdata$__delayLoadHelper2  000000018001deb8     DelayImp:delayhlp.obj
 0004:00000ec4       $pdata$_IsNonwritableInCurrentImage 000000018001dec4     LIBCMT:pesect.obj
 0004:00000ed0       $pdata$__GSHandlerCheck    000000018001ded0     LIBCMT:_gshandler_.obj
 0004:00000edc       $pdata$__GSHandlerCheckCommon 000000018001dedc     LIBCMT:_gshandler_.obj
 0004:00000f0c       $pdata$sqrtf               000000018001df0c     libucrt:sqrtf.obj
 0004:00000f18       $pdata$_powf_special       000000018001df18     libucrt:pow_special.obj
 0004:00000f30       $pdata$?fin$0@?0??dllmain_crt_process_attach@@YAHQEAUHINSTANCE__@@QEAX@Z@4HA 000000018001df30     LIBCMT:dll_dllmain.obj
 0004:00000f3c       $pdata$?fin$0@?0??dllmain_crt_process_detach@@YAH_N@Z@4HA 000000018001df3c     LIBCMT:dll_dllmain.obj
 0004:00000f48       $pdata$?filt$0@?0??dllmain_dispatch@@YAHQEAUHINSTANCE__@@KQEAX@Z@4HA 000000018001df48     LIBCMT:dll_dllmain.obj
 0004:00000f54       $pdata$__scrt_is_nonwritable_in_current_image$filt$0 000000018001df54     LIBCMT:utility.obj
 0004:00000f60       $pdata$_query_new_handler$fin$0 000000018001df60     libucrt:new_handler.obj
 0004:00000f6c       $pdata$?filt$0@?0??common_exit@@YAXHW4_crt_exit_cleanup_mode@@W4_crt_exit_return_mode@@@Z@4HA 000000018001df6c     libucrt:exit.obj
 0004:00000f78       $pdata$?fin$1@?0??common_exit@@YAXHW4_crt_exit_cleanup_mode@@W4_crt_exit_return_mode@@@Z@4HA 000000018001df78     libucrt:exit.obj
 0004:00000f84       $pdata$?fin$0@?0???$?RV<lambda_e24bbb7b643b32fcea6fa61b31d4c984>@@AEAV<lambda_275893d493268fdec8709772e3fcec0e>@@V<lambda_9d71df4d7cf3f480f8d633942495c3b0>@@@?$__crt_seh_guarded_call@H@@QEAAH$$QEAV<lambda_e24bbb7b643b32fcea6fa61b31d4c984>@@AEAV<lambda_275893d493268fdec8709772e3fcec0e>@@$$QEAV<lambda_9d71df4d7cf3f480f8d633942495c3b0>@@@Z@4HA 000000018001df84     libucrt:onexit.obj
 0004:00000f90       $pdata$?fin$0@?0???$?RV<lambda_46352004c1216016012b18bd6f87e700>@@AEAV<lambda_3bd07e1a1191394380780325891bf33f>@@V<lambda_334532d3f185bcaa59b5be82d7d22bff>@@@?$__crt_seh_guarded_call@X@@QEAAX$$QEAV<lambda_46352004c1216016012b18bd6f87e700>@@AEAV<lambda_3bd07e1a1191394380780325891bf33f>@@$$QEAV<lambda_334532d3f185bcaa59b5be82d7d22bff>@@@Z@4HA 000000018001df90     libucrt:per_thread_data.obj
 0004:00000f90       $pdata$?fin$0@?0???$?RV<lambda_72d1df2b273a38828b1ce30cbf4cdab5>@@AEAV<lambda_876a65b173b8412d3a47c70a915b0cf4>@@V<lambda_41932305e351933ebe8f8be3ed8bb5dc>@@@?$__crt_seh_guarded_call@X@@QEAAX$$QEAV<lambda_72d1df2b273a38828b1ce30cbf4cdab5>@@AEAV<lambda_876a65b173b8412d3a47c70a915b0cf4>@@$$QEAV<lambda_41932305e351933ebe8f8be3ed8bb5dc>@@@Z@4HA 000000018001df90     libucrt:per_thread_data.obj
 0004:00000f90       $pdata$?fin$0@?0???$?RV<lambda_b8c45f8f788dd370798f47cfe8ac3a86>@@AEAV<lambda_4e60a939b0d047cfe11ddc22648dfba9>@@V<lambda_332c3edc96d0294ec56c57d38c1cdfd5>@@@?$__crt_seh_guarded_call@H@@QEAAH$$QEAV<lambda_b8c45f8f788dd370798f47cfe8ac3a86>@@AEAV<lambda_4e60a939b0d047cfe11ddc22648dfba9>@@$$QEAV<lambda_332c3edc96d0294ec56c57d38c1cdfd5>@@@Z@4HA 000000018001df90     libucrt:onexit.obj
 0004:00000f90       $pdata$?fin$0@?0???$?RV<lambda_c36588078e9f5dfd39652860aa6b3aaf>@@AEAV<lambda_ec61778202f4f5fc7e7711acc23c3bca>@@V<lambda_dc9d2797ccde5d239b4a0efae8ebd7db>@@@?$__crt_seh_guarded_call@P6AXH@Z@@QEAAP6AXH@Z$$QEAV<lambda_c36588078e9f5dfd39652860aa6b3aaf>@@AEAV<lambda_ec61778202f4f5fc7e7711acc23c3bca>@@$$QEAV<lambda_dc9d2797ccde5d239b4a0efae8ebd7db>@@@Z@4HA 000000018001df90     libucrt:signal.obj
 0004:00000f90       $pdata$?fin$0@?0???$?RV<lambda_99476a1ad63dd22509b5d3e65b0ffc95>@@AEAV<lambda_ad1ced32f4ac17aa236e5ef05d6b3b7c>@@V<lambda_f7424dd8d45958661754dc4f2697e9c3>@@@?$__crt_seh_guarded_call@X@@QEAAX$$QEAV<lambda_99476a1ad63dd22509b5d3e65b0ffc95>@@AEAV<lambda_ad1ced32f4ac17aa236e5ef05d6b3b7c>@@$$QEAV<lambda_f7424dd8d45958661754dc4f2697e9c3>@@@Z@4HA 000000018001df90     libucrt:mbctype.obj
 0004:00000f90       $pdata$?fin$0@?0???$?RV<lambda_fb3a7dec4e47f37f22dae91bb15c9095>@@AEAV<lambda_698284760c8add0bfb0756c19673e34b>@@V<lambda_dfb8eca1e75fef3034a8fb18dd509707>@@@?$__crt_seh_guarded_call@X@@QEAAX$$QEAV<lambda_fb3a7dec4e47f37f22dae91bb15c9095>@@AEAV<lambda_698284760c8add0bfb0756c19673e34b>@@$$QEAV<lambda_dfb8eca1e75fef3034a8fb18dd509707>@@@Z@4HA 000000018001df90     libucrt:per_thread_data.obj
 0004:00000f90       $pdata$?fin$0@?0???$?RV<lambda_5e887d1dcbef67a5eb4283622ba103bf>@@AEAV<lambda_4466841279450cc726390878d4a41900>@@V<lambda_341c25c0346d94847f1f3c463c57e077>@@@?$__crt_seh_guarded_call@X@@QEAAX$$QEAV<lambda_5e887d1dcbef67a5eb4283622ba103bf>@@AEAV<lambda_4466841279450cc726390878d4a41900>@@$$QEAV<lambda_341c25c0346d94847f1f3c463c57e077>@@@Z@4HA 000000018001df90     libucrt:per_thread_data.obj
 0004:00000f9c       $pdata$__acrt_update_thread_multibyte_data$fin$0 000000018001df9c     libucrt:mbctype.obj
 0004:00000fa8       $pdata$__acrt_initialize_lowio$fin$0 000000018001dfa8     libucrt:ioinit.obj
 0004:00000fa8       $pdata$__acrt_lowio_ensure_fh_exists$fin$0 000000018001dfa8     libucrt:osfinfo.obj
 0004:00000fb4       $pdata$raise$fin$0         000000018001dfb4     libucrt:signal.obj
 0004:00000fc0       $pdata$__acrt_uninitialize_locale$fin$0 000000018001dfc0     libucrt:wsetlocale.obj
 0004:00000fc0       $pdata$__acrt_update_thread_locale_data$fin$0 000000018001dfc0     libucrt:locale_refcounting.obj
 0004:00000fcc       $pdata$common_flush_all$fin$0 000000018001dfcc     libucrt:fflush.obj
 0004:00000fd8       $pdata$common_flush_all$fin$1 000000018001dfd8     libucrt:fflush.obj
 0004:00000fe4       $pdata$_fcloseall$fin$0    000000018001dfe4     libucrt:closeall.obj
 0004:00000ff0       $pdata$_write$fin$0        000000018001dff0     libucrt:write.obj
 0004:00000ffc       $pdata$fclose$fin$0        000000018001dffc     libucrt:fclose.obj
 0004:00001008       $pdata$?fin$0@?0???$?RV<lambda_bfedae4ebbf01fab1bb6dcc6a9e276e0>@@AEAV<lambda_2fe9b910cf3cbf4a0ab98a02ba45b3ec>@@V<lambda_237c231691f317818eb88cc1d5d642d6>@@@?$__crt_seh_guarded_call@H@@QEAAH$$QEAV<lambda_bfedae4ebbf01fab1bb6dcc6a9e276e0>@@AEAV<lambda_2fe9b910cf3cbf4a0ab98a02ba45b3ec>@@$$QEAV<lambda_237c231691f317818eb88cc1d5d642d6>@@@Z@4HA 000000018001e008     libucrt:close.obj
 0004:00001008       $pdata$?fin$0@?0???$?RV<lambda_b521505b218e5242e90febf6bfebc422>@@AEAV<lambda_6978c1fb23f02e42e1d9e99668cc68aa>@@V<lambda_314360699dd331753a4119843814e9a7>@@@?$__crt_seh_guarded_call@H@@QEAAH$$QEAV<lambda_b521505b218e5242e90febf6bfebc422>@@AEAV<lambda_6978c1fb23f02e42e1d9e99668cc68aa>@@$$QEAV<lambda_314360699dd331753a4119843814e9a7>@@@Z@4HA 000000018001e008     libucrt:commit.obj
 0004:00001014       $pdata$_ctrlfp$filt$0      000000018001e014     libucrt:fpctrl.obj
 0004:00001020       $pdata$_IsNonwritableInCurrentImage$filt$0 000000018001e020     LIBCMT:pesect.obj
 0005:00000000       __guard_fids__             000000018001f000     libucrt:initialization.obj
 0005:00000060       __guard_fids___acrt_initialize_ptd 000000018001f060     libucrt:per_thread_data.obj
 0005:00000064       __guard_fids_??$expand_argument_wildcards@D@@YAHQEAD0AEAV?$argument_list@D@?A0xca0879c4@@@Z 000000018001f064     libucrt:argv_wildcards.obj
 0005:00000068       __guard_fids__             000000018001f068     libucrt:locale_initializer.obj
 0005:0000006c       __guard_fids__             000000018001f06c     libucrt:multibyte_initializer.obj
 0005:00000070       __guard_fids__             000000018001f070     libucrt:stdio_initializer.obj
 0005:00000074       __guard_fids__             000000018001f074     libucrt:stdio_initializer.obj
 0005:00000078       __guard_fids__             000000018001f078     libucrt:fma3_initializer.obj
 0005:0000007c       __guard_fids__             000000018001f07c     libucrt:console_output_initializer.obj
 0005:00000080       __guard_fids__             000000018001f080     libcpmt:xthrow.obj
 0005:00000088       __guard_fids__             000000018001f088     libcpmt:xthrow.obj
 0005:00000090       __guard_fids__             000000018001f090     libcpmt:xthrow.obj
 0005:00000098       __guard_fids__             000000018001f098     libcpmt:xthrow.obj
 0005:000000a0       __guard_fids_?dllmain_crt_process_attach@@YAHQEAUHINSTANCE__@@QEAX@Z 000000018001f0a0     LIBCMT:dll_dllmain.obj
 0005:000000a8       __guard_fids_?dllmain_dispatch@@YAHQEAUHINSTANCE__@@KQEAX@Z 000000018001f0a8     LIBCMT:dll_dllmain.obj
 0005:000000ac       __guard_fids__             000000018001f0ac     LIBCMT:std_type_info_static.obj
 0005:000000b0       __guard_fids__             000000018001f0b0     LIBCMT:throw_bad_alloc.obj
 0005:000000b8       __guard_fids__             000000018001f0b8     LIBCMT:guard_support.obj
 0005:000000bc       __guard_fids___vcrt_initialize_ptd 000000018001f0bc     libvcruntime:per_thread_data.obj
 0006:00000060       $R000000                   0000000180020060     * linker generated manifest res *

 Exports

  ordinal    name

        1    _register_binding_
